Component: ARM Compiler 5.06 update 2 (build 183) Tool: armlink [4d35b7]

==============================================================================

Section Cross References

    system_m051series.o(i.CLK_GetPLLClockFreq) refers to uidiv.o(.text) for __aeabi_uidivmod
    system_m051series.o(i.SystemCoreClockUpdate) refers to system_m051series.o(i.CLK_GetPLLClockFreq) for CLK_GetPLLClockFreq
    system_m051series.o(i.SystemCoreClockUpdate) refers to uidiv.o(.text) for __aeabi_uidivmod
    system_m051series.o(i.SystemCoreClockUpdate) refers to system_m051series.o(.data) for PllClock
    system_m051series.o(i.SystemCoreClockUpdate) refers to system_m051series.o(.constdata) for gau32ClkSrcTbl
    startup_m051series.o(RESET) refers to startup_m051series.o(STACK) for __initial_sp
    startup_m051series.o(RESET) refers to startup_m051series.o(.text) for Reset_Handler
    startup_m051series.o(RESET) refers to interrupt.o(i.GPIOP2P3P4_IRQHandler) for GPIOP2P3P4_IRQHandler
    startup_m051series.o(RESET) refers to interrupt.o(i.TMR0_IRQHandler) for TMR0_IRQHandler
    startup_m051series.o(RESET) refers to interrupt.o(i.UART0_IRQHandler) for UART0_IRQHandler
    startup_m051series.o(RESET) refers to interrupt.o(i.UART1_IRQHandler) for UART1_IRQHandler
    startup_m051series.o(RESET) refers to interrupt.o(i.I2C_IRQHandler) for I2C_IRQHandler
    startup_m051series.o(.text) refers to system_m051series.o(i.SystemInit) for SystemInit
    startup_m051series.o(.text) refers to entry.o(.ARM.Collect$$$$00000000) for __main
    uart_printf.o(i.UART0_Init) refers to sys.o(i.SYS_ResetModule) for SYS_ResetModule
    uart_printf.o(i.UART0_Init) refers to uart.o(i.UART_Open) for UART_Open
    uart_printf.o(i.UART1_Init) refers to sys.o(i.SYS_ResetModule) for SYS_ResetModule
    uart_printf.o(i.UART1_Init) refers to uart.o(i.UART_Open) for UART_Open
    uart_printf.o(i.uart_printf) refers to printfa.o(i.__0vsprintf) for __c89vsprintf
    uart_printf.o(i.uart_printf) refers to uart_printf.o(i.send_string) for send_string
    main.o(i.entry_update) refers to main.o(i.SYS_UnlockReg) for SYS_UnlockReg
    main.o(i.entry_update) refers to fmc.o(i.FMC_Open) for FMC_Open
    main.o(i.entry_update) refers to fmc.o(i.FMC_EnableLDUpdate) for FMC_EnableLDUpdate
    main.o(i.entry_update) refers to main.o(i.FMC_Erase) for FMC_Erase
    main.o(i.entry_update) refers to fmc.o(i.FMC_DisableLDUpdate) for FMC_DisableLDUpdate
    main.o(i.entry_update) refers to sys.o(i.SYS_ResetChip) for SYS_ResetChip
    main.o(i.main) refers to main.o(i.SYS_UnlockReg) for SYS_UnlockReg
    main.o(i.main) refers to sysinit.o(i.SYS_Init) for SYS_Init
    main.o(i.main) refers to uart_printf.o(i.UART0_Init) for UART0_Init
    main.o(i.main) refers to uart_printf.o(i.UART1_Init) for UART1_Init
    main.o(i.main) refers to uart.o(i.UART_SetLine_Config) for UART_SetLine_Config
    main.o(i.main) refers to sysinit.o(i.UART_Function_Init) for UART_Function_Init
    main.o(i.main) refers to sysinit.o(i.TMR0_Init) for TMR0_Init
    main.o(i.main) refers to clk.o(i.CLK_EnableModuleClock) for CLK_EnableModuleClock
    main.o(i.main) refers to mp9960.o(i.mp9960_init) for mp9960_init
    main.o(i.main) refers to dataflash.o(i.set_data_flash_fix_4k) for set_data_flash_fix_4k
    main.o(i.main) refers to dataflash.o(i.flash_read_data_mode) for flash_read_data_mode
    main.o(i.main) refers to servo_detect.o(i.servodet_init) for servodet_init
    main.o(i.main) refers to rgb.o(i.rgb_init) for rgb_init
    main.o(i.main) refers to mygpio.o(i.pinMode) for pinMode
    main.o(i.main) refers to systime.o(i.delay) for delay
    main.o(i.main) refers to uart_printf.o(i.uart_printf) for uart_printf
    main.o(i.main) refers to protocol.o(i.parse_uart0_recv_buffer) for parse_uart0_recv_buffer
    main.o(i.main) refers to protocol.o(i.flush_uart0_local_buffer) for flush_uart0_local_buffer
    main.o(i.main) refers to servo_detect.o(i.servodet_process) for servodet_process
    main.o(i.main) refers to servo_control.o(i.motor_process) for motor_process
    main.o(i.main) refers to rand.o(.text) for rand
    main.o(i.main) refers to fflti.o(.text) for __aeabi_i2f
    main.o(i.main) refers to fmul.o(.text) for __aeabi_fmul
    main.o(i.main) refers to fdiv.o(.text) for __aeabi_fdiv
    main.o(i.main) refers to cfrcmple.o(.text) for __aeabi_cfrcmple
    main.o(i.main) refers to f2d.o(.text) for __aeabi_f2d
    main.o(i.main) refers to dadd.o(.text) for __aeabi_dadd
    main.o(i.main) refers to dfixi.o(.text) for __aeabi_d2iz
    main.o(i.main) refers to fadd.o(.text) for __aeabi_fadd
    main.o(i.main) refers to systime.o(i.millis) for millis
    main.o(i.main) refers to ffltui.o(.text) for __aeabi_ui2f
    main.o(i.main) refers to protocol.o(i.send_sensor_report) for send_sensor_report
    main.o(i.main) refers to protocol.o(.data) for command_mode
    main.o(i.main) refers to interrupt.o(.data) for timer2ms_flag
    main.o(i.main) refers to main.o(.data) for report_time
[...]
    cmd_assign_dev_id                        0x00003571   Thumb Code    82  protocol.o(i.cmd_assign_dev_id)
    i.cmd_back_zero                          0x000035f4   Section        0  protocol.o(i.cmd_back_zero)
    cmd_back_zero                            0x000035f5   Thumb Code   100  protocol.o(i.cmd_back_zero)
    i.cmd_get_servo_angle                    0x00003664   Section        0  protocol.o(i.cmd_get_servo_angle)
    cmd_get_servo_angle                      0x00003665   Thumb Code   198  protocol.o(i.cmd_get_servo_angle)
    i.cmd_get_servo_current                  0x00003754   Section        0  protocol.o(i.cmd_get_servo_current)
    cmd_get_servo_current                    0x00003755   Thumb Code    20  protocol.o(i.cmd_get_servo_current)
    i.cmd_get_servo_pos                      0x00003780   Section        0  protocol.o(i.cmd_get_servo_pos)
    cmd_get_servo_pos                        0x00003781   Thumb Code    38  protocol.o(i.cmd_get_servo_pos)
    i.cmd_get_servo_speed                    0x000037c4   Section        0  protocol.o(i.cmd_get_servo_speed)
    cmd_get_servo_speed                      0x000037c5   Thumb Code    22  protocol.o(i.cmd_get_servo_speed)
    i.cmd_get_servo_temperature              0x000037f4   Section        0  protocol.o(i.cmd_get_servo_temperature)
    cmd_get_servo_temperature                0x000037f5   Thumb Code    20  protocol.o(i.cmd_get_servo_temperature)
    i.cmd_get_servo_voltage                  0x00003820   Section        0  protocol.o(i.cmd_get_servo_voltage)
    cmd_get_servo_voltage                    0x00003821   Thumb Code    20  protocol.o(i.cmd_get_servo_voltage)
    i.cmd_get_smart_version                  0x0000384c   Section        0  protocol.o(i.cmd_get_smart_version)
    cmd_get_smart_version                    0x0000384d   Thumb Code    18  protocol.o(i.cmd_get_smart_version)
    i.cmd_relative_angle                     0x00003878   Section        0  protocol.o(i.cmd_relative_angle)
    cmd_relative_angle                       0x00003879   Thumb Code   266  protocol.o(i.cmd_relative_angle)
    i.cmd_relative_angle_long                0x0000399c   Section        0  protocol.o(i.cmd_relative_angle_long)
    cmd_relative_angle_long                  0x0000399d   Thumb Code   266  protocol.o(i.cmd_relative_angle_long)
    i.cmd_relative_pos                       0x00003ac0   Section        0  protocol.o(i.cmd_relative_pos)
    cmd_relative_pos                         0x00003ac1   Thumb Code   122  protocol.o(i.cmd_relative_pos)
    i.cmd_reset_smart_servo                  0x00003b48   Section        0  protocol.o(i.cmd_reset_smart_servo)
    cmd_reset_smart_servo                    0x00003b49   Thumb Code    60  protocol.o(i.cmd_reset_smart_servo)
    i.cmd_set_command_mode                   0x00003ba0   Section        0  protocol.o(i.cmd_set_command_mode)
    cmd_set_command_mode                     0x00003ba1   Thumb Code    86  protocol.o(i.cmd_set_command_mode)
    i.cmd_set_current_angle_zero_degrees     0x00003bfc   Section        0  protocol.o(i.cmd_set_current_angle_zero_degrees)
    cmd_set_current_angle_zero_degrees       0x00003bfd   Thumb Code    28  protocol.o(i.cmd_set_current_angle_zero_degrees)
    i.cmd_set_pwm_motion                     0x00003c18   Section        0  protocol.o(i.cmd_set_pwm_motion)
    cmd_set_pwm_motion                       0x00003c19   Thumb Code    86  protocol.o(i.cmd_set_pwm_motion)
    i.cmd_set_rgb_led                        0x00003c74   Section        0  protocol.o(i.cmd_set_rgb_led)
    cmd_set_rgb_led                          0x00003c75   Thumb Code    98  protocol.o(i.cmd_set_rgb_led)
    i.cmd_set_servo_break                    0x00003cdc   Section        0  protocol.o(i.cmd_set_servo_break)
    cmd_set_servo_break                      0x00003cdd   Thumb Code    72  protocol.o(i.cmd_set_servo_break)
    i.cmd_shake_hand                         0x00003d2c   Section        0  protocol.o(i.cmd_shake_hand)
    cmd_shake_hand                           0x00003d2d   Thumb Code    18  protocol.o(i.cmd_shake_hand)
    i.cmd_test_response                      0x00003d44   Section        0  protocol.o(i.cmd_test_response)
    cmd_test_response                        0x00003d45   Thumb Code    60  protocol.o(i.cmd_test_response)
    i.delay                                  0x00003d84   Section        0  systime.o(i.delay)
    i.digitalRead                            0x00003d9c   Section        0  mygpio.o(i.digitalRead)
    i.digitalWrite                           0x00003dbc   Section        0  mygpio.o(i.digitalWrite)
    i.entry_update                           0x00003dcc   Section        0  main.o(i.entry_update)
    i.flash_read_angle_offset                0x00003e14   Section        0  dataflash.o(i.flash_read_angle_offset)
    i.flash_read_data_mode                   0x00003f20   Section        0  dataflash.o(i.flash_read_data_mode)
    i.flash_write_angle_offset               0x0000401c   Section        0  dataflash.o(i.flash_write_angle_offset)
    i.flash_write_data_mode                  0x000040e8   Section        0  dataflash.o(i.flash_write_data_mode)
    i.flush_uart0_forward_buffer             0x000041a8   Section        0  protocol.o(i.flush_uart0_forward_buffer)
    i.flush_uart0_local_buffer               0x000041e8   Section        0  protocol.o(i.flush_uart0_local_buffer)
    i.is_pin_analog                          0x000042e4   Section        0  mygpio.o(i.is_pin_analog)
    i.main                                   0x00004304   Section        0  main.o(i.main)
    i.map                                    0x000044e8   Section        0  mygpio.o(i.map)
    i.millis                                 0x00004508   Section        0  systime.o(i.millis)
    i.motor_debug_mode                       0x0000451c   Section        0  servo_control.o(i.motor_debug_mode)
    motor_debug_mode                         0x0000451d   Thumb Code   144  servo_control.o(i.motor_debug_mode)
    i.motor_error_mode                       0x000045c0   Section        0  servo_control.o(i.motor_error_mode)
    motor_error_mode                         0x000045c1   Thumb Code    36  servo_control.o(i.motor_error_mode)
    i.motor_idle_mode                        0x000045f0   Section        0  servo_control.o(i.motor_idle_mode)
    motor_idle_mode                          0x000045f1   Thumb Code    44  servo_control.o(i.motor_idle_mode)
    i.motor_pos_mode                         0x0000462c   Section        0  servo_control.o(i.motor_pos_mode)
    motor_pos_mode                           0x0000462d   Thumb Code   866  servo_control.o(i.motor_pos_mode)
    i.motor_process                          0x000049b4   Section        0  servo_control.o(i.motor_process)
    i.motor_pwm_mode                         0x00004a24   Section        0  servo_control.o(i.motor_pwm_mode)
    motor_pwm_mode                           0x00004a25   Thumb Code   126  servo_control.o(i.motor_pwm_mode)
    i.motor_speed_mode                       0x00004ab4   Section        0  servo_control.o(i.motor_speed_mode)
    motor_speed_mode                         0x00004ab5   Thumb Code   260  servo_control.o(i.motor_speed_mode)
    i.mp9960_init                            0x00004bcc   Section        0  mp9960.o(i.mp9960_init)
    i.mp9960_read_raw_angle                  0x00004bf4   Section        0  mp9960.o(i.mp9960_read_raw_angle)
    i.parse_gcommand                         0x00004c40   Section        0  protocol.o(i.parse_gcommand)
    i.parse_mcode                            0x00004ce4   Section        0  protocol.o(i.parse_mcode)
    parse_mcode                              0x00004ce5   Thumb Code   240  protocol.o(i.parse_mcode)
    i.parse_uart0_recv_buffer                0x00004dd4   Section        0  protocol.o(i.parse_uart0_recv_buffer)
    i.pinMode                                0x00004fbc   Section        0  mygpio.o(i.pinMode)
    i.pow                                    0x00005030   Section        0  pow.o(i.pow)
    i.processSysexMessage                    0x00005a2c   Section        0  protocol.o(i.processSysexMessage)
    i.process_general_cmd_response           0x00005b18   Section        0  protocol.o(i.process_general_cmd_response)
    process_general_cmd_response             0x00005b19   Thumb Code    40  protocol.o(i.process_general_cmd_response)
    i.pwm_init                               0x00005b44   Section        0  mepwm.o(i.pwm_init)
    i.pwm_write                              0x00005f68   Section        0  mepwm.o(i.pwm_write)
    i.pwm_writeMicroseconds                  0x00005fb8   Section        0  mepwm.o(i.pwm_writeMicroseconds)
    i.readLong                               0x00006068   Section        0  protocol.o(i.readLong)
    i.readShort                              0x000060d8   Section        0  protocol.o(i.readShort)
    i.read_hardware_id_response              0x00006120   Section        0  protocol.o(i.read_hardware_id_response)
    read_hardware_id_response                0x00006121   Thumb Code   130  protocol.o(i.read_hardware_id_response)
    i.readbyte                               0x000061a8   Section        0  protocol.o(i.readbyte)
    i.rgb_init                               0x000061d0   Section        0  rgb.o(i.rgb_init)
    i.sendFloat                              0x00006214   Section        0  protocol.o(i.sendFloat)
    i.sendLong                               0x000062bc   Section        0  protocol.o(i.sendLong)
    i.sendShort                              0x00006364   Section        0  protocol.o(i.sendShort)
    i.send_sensor_report                     0x000063d4   Section        0  protocol.o(i.send_sensor_report)
    i.send_smart_angle                       0x00006688   Section        0  protocol.o(i.send_smart_angle)
    send_smart_angle                         0x00006689   Thumb Code    66  protocol.o(i.send_smart_angle)
    i.send_smart_current                     0x000066d0   Section        0  protocol.o(i.send_smart_current)
    send_smart_current                       0x000066d1   Thumb Code    66  protocol.o(i.send_smart_current)
    i.send_smart_pos                         0x00006718   Section        0  protocol.o(i.send_smart_pos)
    send_smart_pos                           0x00006719   Thumb Code    68  protocol.o(i.send_smart_pos)
    i.send_smart_speed                       0x00006760   Section        0  protocol.o(i.send_smart_speed)
    send_smart_speed                         0x00006761   Thumb Code    68  protocol.o(i.send_smart_speed)
    i.send_smart_temp                        0x000067a8   Section        0  protocol.o(i.send_smart_temp)
    send_smart_temp                          0x000067a9   Thumb Code    66  protocol.o(i.send_smart_temp)
    i.send_smart_voltage                     0x000067f0   Section        0  protocol.o(i.send_smart_voltage)
    send_smart_voltage                       0x000067f1   Thumb Code    66  protocol.o(i.send_smart_voltage)
    i.send_string                            0x00006838   Section        0  uart_printf.o(i.send_string)
    i.send_uart0_string                      0x0000685c   Section        0  protocol.o(i.send_uart0_string)
    i.servodet_current_handle                0x00006874   Section        0  servo_detect.o(i.servodet_current_handle)
    servodet_current_handle                  0x00006875   Thumb Code   200  servo_detect.o(i.servodet_current_handle)
    i.servodet_init                          0x00006958   Section        0  servo_detect.o(i.servodet_init)
    i.servodet_nfault_handle                 0x00006980   Section        0  servo_detect.o(i.servodet_nfault_handle)
    servodet_nfault_handle                   0x00006981   Thumb Code    84  servo_detect.o(i.servodet_nfault_handle)
    i.servodet_pos_handle                    0x000069dc   Section        0  servo_detect.o(i.servodet_pos_handle)
    servodet_pos_handle                      0x000069dd   Thumb Code   158  servo_detect.o(i.servodet_pos_handle)
    i.servodet_process                       0x00006a88   Section        0  servo_detect.o(i.servodet_process)
    i.servodet_set_angle_zero                0x00006b04   Section        0  servo_detect.o(i.servodet_set_angle_zero)
    i.servodet_speed_handle                  0x00006b3c   Section        0  servo_detect.o(i.servodet_speed_handle)
    servodet_speed_handle                    0x00006b3d   Thumb Code   158  servo_detect.o(i.servodet_speed_handle)
    i.servodet_temperature_handle            0x00006bf8   Section        0  servo_detect.o(i.servodet_temperature_handle)
    servodet_temperature_handle              0x00006bf9   Thumb Code   126  servo_detect.o(i.servodet_temperature_handle)
    i.servodet_voltage_handle                0x00006c88   Section        0  servo_detect.o(i.servodet_voltage_handle)
    servodet_voltage_handle                  0x00006c89   Thumb Code   228  servo_detect.o(i.servodet_voltage_handle)
    i.servodriver_get_nfault_value           0x00006d8c   Section        0  servo_driver.o(i.servodriver_get_nfault_value)
    i.servodriver_init                       0x00006da0   Section        0  servo_driver.o(i.servodriver_init)
    i.servodriver_run_abs_pos                0x00006dd0   Section        0  servo_driver.o(i.servodriver_run_abs_pos)
    i.servodriver_run_debug                  0x00006e28   Section        0  servo_driver.o(i.servodriver_run_debug)
    i.servodriver_run_idle                   0x00006e84   Section        0  servo_driver.o(i.servodriver_run_idle)
    i.servodriver_run_pwm                    0x00006ea4   Section        0  servo_driver.o(i.servodriver_run_pwm)
    i.servodriver_run_relative_pos           0x00006ec4   Section        0  servo_driver.o(i.servodriver_run_relative_pos)
    i.servodriver_set_pwm                    0x00006f24   Section        0  servo_driver.o(i.servodriver_set_pwm)
    i.set_baud_rate                          0x00006fa0   Section        0  protocol.o(i.set_baud_rate)
    set_baud_rate                            0x00006fa1   Thumb Code   104  protocol.o(i.set_baud_rate)
    i.set_data_flash_fix_4k                  0x00007014   Section        0  dataflash.o(i.set_data_flash_fix_4k)
    i.set_rgb                                0x00007064   Section        0  rgb.o(i.set_rgb)
    i.shake_hand_response                    0x00007098   Section        0  protocol.o(i.shake_hand_response)
    shake_hand_response                      0x00007099   Thumb Code    18  protocol.o(i.shake_hand_response)
    i.smart_servo_cmd_process                0x000070b0   Section        0  protocol.o(i.smart_servo_cmd_process)
    smart_servo_cmd_process                  0x000070b1   Thumb Code  1810  protocol.o(i.smart_servo_cmd_process)
    i.spi_flash_erase_sector                 0x000077f0   Section        0  dataflash.o(i.spi_flash_erase_sector)
    i.spi_flash_read                         0x00007834   Section        0  dataflash.o(i.spi_flash_read)
    i.spi_flash_write                        0x000078f8   Section        0  dataflash.o(i.spi_flash_write)
    i.sqrt                                   0x000079ec   Section        0  sqrt.o(i.sqrt)
    i.system_reset_response                  0x00007a34   Section        0  protocol.o(i.system_reset_response)
    system_reset_response                    0x00007a35   Thumb Code    70  protocol.o(i.system_reset_response)
    i.system_version_response                0x00007aa0   Section        0  protocol.o(i.system_version_response)
    system_version_response                  0x00007aa1   Thumb Code   116  protocol.o(i.system_version_response)
    i.uart0_printf                           0x00007b1c   Section        0  protocol.o(i.uart0_printf)
    i.uart_printf                            0x00007b42   Section        0  uart_printf.o(i.uart_printf)
    i.us100                                  0x00007b70   Section        0  systime.o(i.us100)
    i.write_angle_offset_to_flash            0x00007b7c   Section        0  dataflash.o(i.write_angle_offset_to_flash)
    i.write_byte_uart0                       0x00007c44   Section        0  protocol.o(i.write_byte_uart0)
    i.write_byte_uart1                       0x00007c9c   Section        0  protocol.o(i.write_byte_uart1)
    i.write_cmd_mode_to_flash                0x00007cb8   Section        0  dataflash.o(i.write_cmd_mode_to_flash)
    .constdata                               0x00007d64   Section       32  system_m051series.o(.constdata)
    .constdata                               0x00007d84   Section      108  protocol.o(.constdata)
    .constdata                               0x00007df0   Section       48  uart.o(.constdata)
    .constdata                               0x00007e20   Section       32  timer.o(.constdata)
    .constdata                               0x00007e40   Section      136  pow.o(.constdata)
    bp                                       0x00007e40   Data          16  pow.o(.constdata)
    dp_h                                     0x00007e50   Data          16  pow.o(.constdata)
    dp_l                                     0x00007e60   Data          16  pow.o(.constdata)
    L                                        0x00007e70   Data          48  pow.o(.constdata)
    P                                        0x00007ea0   Data          40  pow.o(.constdata)
    .constdata                               0x00007ec8   Section        8  qnan.o(.constdata)
    .constdata                               0x00007ed0   Section      129  ctype_o.o(.constdata)
    .constdata                               0x00007f54   Section        4  ctype_o.o(.constdata)
    table                                    0x00007f54   Data           4  ctype_o.o(.constdata)
    .data                                    0x20000000   Section       12  system_m051series.o(.data)
    .data                                    0x2000000c   Section       12  main.o(.data)
    .data                                    0x20000018   Section       32  mepwm.o(.data)
    .data                                    0x20000038   Section      124  protocol.o(.data)
    uart1_ready_forward_bytes_count          0x2000008c   Data           2  protocol.o(.data)
    .data                                    0x200000b4   Section       16  interrupt.o(.data)
    timer5ms_count                           0x200000bc   Data           4  interrupt.o(.data)
    timer2ms_count                           0x200000c0   Data           4  interrupt.o(.data)
    .data                                    0x200000c4   Section       21  servo_control.o(.data)
    s_bMotionStatusChanged                   0x200000c8   Data           1  servo_control.o(.data)
    break_speed                              0x200000cc   Data           4  servo_control.o(.data)
    pre_tar_pos                              0x200000d0   Data           4  servo_control.o(.data)
    step_len                                 0x200000d4   Data           4  servo_control.o(.data)
    pre_state                                0x200000d8   Data           1  servo_control.o(.data)
    .data                                    0x200000dc   Section       52  servo_detect.o(.data)
    first_run                                0x200000e0   Data           1  servo_detect.o(.data)
    pre_pos                                  0x200000e4   Data           4  servo_detect.o(.data)
    pre_time                                 0x200000e8   Data           4  servo_detect.o(.data)
    pre_pos                                  0x200000ec   Data           4  servo_detect.o(.data)
    index                                    0x200000f0   Data           1  servo_detect.o(.data)
    sum                                      0x200000f4   Data           4  servo_detect.o(.data)
    error_count                              0x200000f8   Data           2  servo_detect.o(.data)
    value                                    0x200000fa   Data           2  servo_detect.o(.data)
    error_count                              0x200000fc   Data           2  servo_detect.o(.data)
    index                                    0x200000fe   Data           1  servo_detect.o(.data)
    sum                                      0x20000100   Data           4  servo_detect.o(.data)
    error_count                              0x20000104   Data           2  servo_detect.o(.data)
    value                                    0x20000108   Data           4  servo_detect.o(.data)
    error_count                              0x2000010c   Data           2  servo_detect.o(.data)
    timecount                                0x2000010e   Data           1  servo_detect.o(.data)
    state                                    0x2000010f   Data           1  servo_detect.o(.data)
    .data                                    0x20000110   Section        3  servo_driver.o(.data)
    s_driver_pwm                             0x20000110   Data           2  servo_driver.o(.data)
    .data                                    0x20000114   Section       11  usart_fun.o(.data)
    UsartFrameParam                          0x20000114   Data           6  usart_fun.o(.data)
    bugflag                                  0x2000011e   Data           1  usart_fun.o(.data)
    .data                                    0x20000120   Section        4  rand.o(.data)
    _rand_state                              0x20000120   Data           4  rand.o(.data)
    .data                                    0x20000124   Section        4  strtok_r.o(.data)
    state                                    0x20000124   Data           4  strtok_r.o(.data)
    .data                                    0x20000128   Section        4  errno.o(.data)
    _errno                                   0x20000128   Data           4  errno.o(.data)
    .bss                                     0x2000012c   Section       64  mepwm.o(.bss)
    s_max_cnt                                0x2000014c   Data          32  mepwm.o(.bss)
    .bss                                     0x2000016c   Section      896  protocol.o(.bss)
    .bss                                     0x200004ec   Section       24  dataflash.o(.bss)
    .bss                                     0x20000504   Section       56  servo_control.o(.bss)
    .bss                                     0x2000053c   Section      100  servo_detect.o(.bss)
    tempvalue                                0x20000560   Data          32  servo_detect.o(.bss)
    tempvalue                                0x20000580   Data          32  servo_detect.o(.bss)
    .bss                                     0x200005a0   Section      100  usart_fun.o(.bss)
    STACK                                    0x20000608   Section     2048  startup_m051series.o(STACK)

    Global Symbols

    Symbol Name                              Value     Ov Type        Size  Object(Section)

    BuildAttributes$$THM_ISAv3M$S$PE$A:L22$X:L11$S22$IEEE1$IW$USESV6$~STKCKD$USESV7$~SHL$OTIME$ROPI$IEEEX$EBA8$MICROLIB$REQ8$PRES8$EABIv2 0x00000000   Number         0  anon$$obj.o ABSOLUTE
    __ARM_use_no_argv                        0x00000000   Number         0  main.o ABSOLUTE
    __Vectors                                0x00000000   Data           4  startup_m051series.o(RESET)
    _printf_a                                0x00000000   Number         0  stubs.o ABSOLUTE
    _printf_c                                0x00000000   Number         0  stubs.o ABSOLUTE
    _printf_charcount                        0x00000000   Number         0  stubs.o ABSOLUTE
    _printf_d                                0x00000000   Number         0  stubs.o ABSOLUTE
    _printf_e                                0x00000000   Number         0  stubs.o ABSOLUTE
    _printf_f                                0x00000000   Number         0  stubs.o ABSOLUTE
    _printf_flags                            0x00000000   Number         0  stubs.o ABSOLUTE
    _printf_fp_dec                           0x00000000   Number         0  stubs.o ABSOLUTE
    _printf_fp_hex                           0x00000000   Number         0  stubs.o ABSOLUTE
    _printf_g                                0x00000000   Number         0  stubs.o ABSOLUTE
    _printf_i                                0x00000000   Number         0  stubs.o ABSOLUTE
    _printf_int_dec                          0x00000000   Number         0  stubs.o ABSOLUTE
    _printf_l                                0x00000000   Number         0  stubs.o ABSOLUTE
    _printf_lc                               0x00000000   Number         0  stubs.o ABSOLUTE
    _printf_ll                               0x00000000   Number         0  stubs.o ABSOLUTE
    _printf_lld                              0x00000000   Number         0  stubs.o ABSOLUTE
    _printf_lli                              0x00000000   Number         0  stubs.o ABSOLUTE
    _printf_llo                              0x00000000   Number         0  stubs.o ABSOLUTE
    _printf_llu                              0x00000000   Number         0  stubs.o ABSOLUTE
    _printf_llx                              0x00000000   Number         0  stubs.o ABSOLUTE
    _printf_longlong_dec                     0x00000000   Number         0  stubs.o ABSOLUTE
    _printf_longlong_hex                     0x00000000   Number         0  stubs.o ABSOLUTE
    _printf_longlong_oct                     0x00000000   Number         0  stubs.o ABSOLUTE
    _printf_ls                               0x00000000   Number         0  stubs.o ABSOLUTE
    _printf_mbtowc                           0x00000000   Number         0  stubs.o ABSOLUTE
    _printf_n                                0x00000000   Number         0  stubs.o ABSOLUTE
    _printf_o                                0x00000000   Number         0  stubs.o ABSOLUTE
    _printf_p                                0x00000000   Number         0  stubs.o ABSOLUTE
    _printf_percent                          0x00000000   Number         0  stubs.o ABSOLUTE
    _printf_pre_padding                      0x00000000   Number         0  stubs.o ABSOLUTE
    _printf_return_value                     0x00000000   Number         0  stubs.o ABSOLUTE
    _printf_s                                0x00000000   Number         0  stubs.o ABSOLUTE
    _printf_sizespec                         0x00000000   Number         0  stubs.o ABSOLUTE
    _printf_str                              0x00000000   Number         0  stubs.o ABSOLUTE
    _printf_truncate_signed                  0x00000000   Number         0  stubs.o ABSOLUTE
    _printf_truncate_unsigned                0x00000000   Number         0  stubs.o ABSOLUTE
    _printf_u                                0x00000000   Number         0  stubs.o ABSOLUTE
    _printf_wc                               0x00000000   Number         0  stubs.o ABSOLUTE
    _printf_wctomb                           0x00000000   Number         0  stubs.o ABSOLUTE
    _printf_widthprec                        0x00000000   Number         0  stubs.o ABSOLUTE
    _printf_x                                0x00000000   Number         0  stubs.o ABSOLUTE
    __cpp_initialize__aeabi_                  - Undefined Weak Reference
    __cxa_finalize                            - Undefined Weak Reference
    _clock_init                               - Undefined Weak Reference
    _microlib_exit                            - Undefined Weak Reference
    __main                                   0x000000c1   Thumb Code     0  entry.o(.ARM.Collect$$$$00000000)
    _main_stk                                0x000000c1   Thumb Code     0  entry2.o(.ARM.Collect$$$$00000001)
    _main_scatterload                        0x000000c5   Thumb Code     0  entry5.o(.ARM.Collect$$$$00000004)
    __main_after_scatterload                 0x000000c9   Thumb Code     0  entry5.o(.ARM.Collect$$$$00000004)
    _main_clock                              0x000000c9   Thumb Code     0  entry7b.o(.ARM.Collect$$$$00000008)
    _main_cpp_init                           0x000000c9   Thumb Code     0  entry8b.o(.ARM.Collect$$$$0000000A)
    _main_init                               0x000000c9   Thumb Code     0  entry9a.o(.ARM.Collect$$$$0000000B)
    __rt_final_cpp                           0x000000d1   Thumb Code     0  entry10a.o(.ARM.Collect$$$$0000000D)
    __rt_final_exit                          0x000000d1   Thumb Code     0  entry11a.o(.ARM.Collect$$$$0000000F)
    Reset_Handler                            0x000000d5   Thumb Code    38  startup_m051series.o(.text)
    NMI_Handler                              0x000000fb   Thumb Code     2  startup_m051series.o(.text)
    HardFault_Handler                        0x000000fd   Thumb Code     2  startup_m051series.o(.text)
    SVC_Handler                              0x000000ff   Thumb Code     2  startup_m051series.o(.text)
    PendSV_Handler                           0x00000101   Thumb Code     2  startup_m051series.o(.text)
    SysTick_Handler                          0x00000103   Thumb Code     2  startup_m051series.o(.text)
    ADC_IRQHandler                           0x00000105   Thumb Code     0  startup_m051series.o(.text)
    BOD_IRQHandler                           0x00000105   Thumb Code     0  startup_m051series.o(.text)
    EINT0_IRQHandler                         0x00000105   Thumb Code     0  startup_m051series.o(.text)
    EINT1_IRQHandler                         0x00000105   Thumb Code     0  startup_m051series.o(.text)
    GPIOP0P1_IRQHandler                      0x00000105   Thumb Code     0  startup_m051series.o(.text)
    PWMA_IRQHandler                          0x00000105   Thumb Code     0  startup_m051series.o(.text)
    PWMB_IRQHandler                          0x00000105   Thumb Code     0  startup_m051series.o(.text)
    PWRWU_IRQHandler                         0x00000105   Thumb Code     0  startup_m051series.o(.text)
    SPI0_IRQHandler                          0x00000105   Thumb Code     0  startup_m051series.o(.text)
    SPI1_IRQHandler                          0x00000105   Thumb Code     0  startup_m051series.o(.text)
    SPI2_IRQHandler                          0x00000105   Thumb Code     0  startup_m051series.o(.text)
    SPI3_IRQHandler                          0x00000105   Thumb Code     0  startup_m051series.o(.text)
    TMR1_IRQHandler                          0x00000105   Thumb Code     0  startup_m051series.o(.text)
    TMR2_IRQHandler                          0x00000105   Thumb Code     0  startup_m051series.o(.text)
    TMR3_IRQHandler                          0x00000105   Thumb Code     0  startup_m051series.o(.text)
    WDT_IRQHandler                           0x00000105   Thumb Code     0  startup_m051series.o(.text)
    __aeabi_uidiv                            0x00000131   Thumb Code     0  uidiv.o(.text)
    __aeabi_uidivmod                         0x00000131   Thumb Code    44  uidiv.o(.text)
    __aeabi_idiv                             0x0000015d   Thumb Code     0  idiv.o(.text)
    __aeabi_idivmod                          0x0000015d   Thumb Code    40  idiv.o(.text)
    rand                                     0x00000185   Thumb Code    18  rand.o(.text)
    srand                                    0x00000197   Thumb Code     6  rand.o(.text)
    __aeabi_memcpy                           0x000001a9   Thumb Code    36  memcpya.o(.text)
    __aeabi_memcpy4                          0x000001a9   Thumb Code     0  memcpya.o(.text)
    __aeabi_memcpy8                          0x000001a9   Thumb Code     0  memcpya.o(.text)
    __aeabi_memset                           0x000001cd   Thumb Code    14  memseta.o(.text)
    __aeabi_memset4                          0x000001cd   Thumb Code     0  memseta.o(.text)
    __aeabi_memset8                          0x000001cd   Thumb Code     0  memseta.o(.text)
    __aeabi_memclr                           0x000001db   Thumb Code     4  memseta.o(.text)
    __aeabi_memclr4                          0x000001db   Thumb Code     0  memseta.o(.text)
    __aeabi_memclr8                          0x000001db   Thumb Code     0  memseta.o(.text)
    _memset$wrapper                          0x000001df   Thumb Code    18  memseta.o(.text)
    strtok_r                                 0x000001f1   Thumb Code    66  strtok_r.o(.text)
    _strtok$wrapper                          0x00000233   Thumb Code     4  strtok_r.o(.text)
    strcspn                                  0x0000023d   Thumb Code    34  strcspn.o(.text)
    atoi                                     0x0000025f   Thumb Code    26  atoi.o(.text)
    atol                                     0x00000279   Thumb Code    26  atol.o(.text)
    __aeabi_fadd                             0x00000293   Thumb Code   162  fadd.o(.text)
    __aeabi_fsub                             0x00000335   Thumb Code     8  fadd.o(.text)
    __aeabi_frsub                            0x0000033d   Thumb Code     8  fadd.o(.text)
    __aeabi_fmul                             0x00000345   Thumb Code   122  fmul.o(.text)
    __aeabi_fdiv                             0x000003bf   Thumb Code   124  fdiv.o(.text)
    __aeabi_dadd                             0x0000043d   Thumb Code   328  dadd.o(.text)
    __aeabi_dsub                             0x00000585   Thumb Code    12  dadd.o(.text)
    __aeabi_drsub                            0x00000591   Thumb Code    12  dadd.o(.text)
    __aeabi_dmul                             0x000005a1   Thumb Code   202  dmul.o(.text)
    __aeabi_ddiv                             0x00000671   Thumb Code   234  ddiv.o(.text)
    __aeabi_i2f                              0x00000761   Thumb Code    22  fflti.o(.text)
    __aeabi_ui2f                             0x00000777   Thumb Code    14  ffltui.o(.text)
    __aeabi_i2d                              0x00000785   Thumb Code    34  dflti.o(.text)
    __aeabi_f2iz                             0x000007ad   Thumb Code    50  ffixi.o(.text)
    __aeabi_d2iz                             0x000007e1   Thumb Code    62  dfixi.o(.text)
    __aeabi_f2d                              0x00000829   Thumb Code    40  f2d.o(.text)
    __aeabi_cdrcmple                         0x00000851   Thumb Code    38  cdrcmple.o(.text)
    __aeabi_d2f                              0x00000879   Thumb Code    56  d2f.o(.text)
    __aeabi_cfcmpeq                          0x000008b1   Thumb Code     0  cfcmple.o(.text)
    __aeabi_cfcmple                          0x000008b1   Thumb Code    20  cfcmple.o(.text)
    __aeabi_cfrcmple                         0x000008c5   Thumb Code    20  cfrcmple.o(.text)
    __aeabi_uldivmod                         0x000008d9   Thumb Code    96  uldiv.o(.text)
    __aeabi_llsl                             0x00000939   Thumb Code    32  llshl.o(.text)
    _ll_shift_l                              0x00000939   Thumb Code     0  llshl.o(.text)
    __aeabi_llsr                             0x00000959   Thumb Code    34  llushr.o(.text)
    _ll_ushift_r                             0x00000959   Thumb Code     0  llushr.o(.text)
    __aeabi_lasr                             0x0000097b   Thumb Code    38  llsshr.o(.text)
    _ll_sshift_r                             0x0000097b   Thumb Code     0  llsshr.o(.text)
    __strtod_int                             0x000009d7   Thumb Code    92  strtod.o(.text)
    strtol                                   0x00000a45   Thumb Code   108  strtol.o(.text)
    __I$use$fp                               0x00000ab5   Thumb Code     0  iusefp.o(.text)
    _float_round                             0x00000ab5   Thumb Code    16  fepilogue.o(.text)
    _float_epilogue                          0x00000ac5   Thumb Code   114  fepilogue.o(.text)
    _double_round                            0x00000b37   Thumb Code    26  depilogue.o(.text)
    _double_epilogue                         0x00000b51   Thumb Code   164  depilogue.o(.text)
    __ARM_scalbn                             0x00000bf5   Thumb Code    44  dscalb.o(.text)
    scalbn                                   0x00000bf5   Thumb Code     0  dscalb.o(.text)
    __aeabi_d2ulz                            0x00000c21   Thumb Code    54  dfixul.o(.text)
    __scatterload                            0x00000c61   Thumb Code    28  init.o(.text)
    __scatterload_rt2                        0x00000c61   Thumb Code     0  init.o(.text)
    __rt_ctype_table                         0x00000c85   Thumb Code     4  ctype_o.o(.text)
    isspace                                  0x00000c8d   Thumb Code    18  isspace_o.o(.text)
    _scanf_real                              0x00000d97   Thumb Code     0  scanf_fp.o(.text)
    _scanf_really_real                       0x00000d97   Thumb Code   586  scanf_fp.o(.text)
    _sgetc                                   0x00000fed   Thumb Code    32  _sgetc.o(.text)
    _sbackspace                              0x0000100d   Thumb Code    36  _sgetc.o(.text)
    _strtoul                                 0x00001031   Thumb Code   166  _strtoul.o(.text)
    _dsqrt                                   0x000010d7   Thumb Code   162  dsqrt.o(.text)
    __aeabi_lmul                             0x00001179   Thumb Code   122  llmul.o(.text)
    _ll_mul                                  0x00001179   Thumb Code     0  llmul.o(.text)
    _chval                                   0x000011f3   Thumb Code    30  _chval.o(.text)
    __aeabi_ul2d                             0x00001211   Thumb Code    22  dfltul.o(.text)
    __decompress                             0x0000122d   Thumb Code     0  __dczerorl2.o(.text)
    __decompress1                            0x0000122d   Thumb Code    86  __dczerorl2.o(.text)
    CLK_EnableModuleClock                    0x00001285   Thumb Code    32  clk.o(i.CLK_EnableModuleClock)
    CLK_EnablePLL                            0x000012a9   Thumb Code   258  clk.o(i.CLK_EnablePLL)
    CLK_EnableXtalRC                         0x000013d1   Thumb Code    12  clk.o(i.CLK_EnableXtalRC)
    CLK_GetHCLKFreq                          0x000013e1   Thumb Code    12  clk.o(i.CLK_GetHCLKFreq)
    CLK_SetCoreClock                         0x000015f1   Thumb Code    70  clk.o(i.CLK_SetCoreClock)
    CLK_SetHCLK                              0x00001645   Thumb Code    38  clk.o(i.CLK_SetHCLK)
    CLK_SetModuleClock                       0x00001671   Thumb Code    94  clk.o(i.CLK_SetModuleClock)
    CLK_WaitClockReady                       0x000016d5   Thumb Code    32  clk.o(i.CLK_WaitClockReady)
    COMSendBuffer                            0x000016fd   Thumb Code    94  usart_fun.o(i.COMSendBuffer)
    FMC_Close                                0x00001769   Thumb Code    14  fmc.o(i.FMC_Close)
    FMC_DisableLDUpdate                      0x0000177d   Thumb Code    14  fmc.o(i.FMC_DisableLDUpdate)
    FMC_EnableConfigUpdate                   0x00001791   Thumb Code    14  fmc.o(i.FMC_EnableConfigUpdate)
    FMC_EnableLDUpdate                       0x000017a5   Thumb Code    14  fmc.o(i.FMC_EnableLDUpdate)
    FMC_Open                                 0x00001839   Thumb Code    14  fmc.o(i.FMC_Open)
    FMC_ReadConfig                           0x00001875   Thumb Code    36  fmc.o(i.FMC_ReadConfig)
    FMC_WriteConfig                          0x00001899   Thumb Code    96  fmc.o(i.FMC_WriteConfig)
    GPIOP2P3P4_IRQHandler                    0x000018fd   Thumb Code    54  interrupt.o(i.GPIOP2P3P4_IRQHandler)
    GPIO_SetMode                             0x00001939   Thumb Code    46  gpio.o(i.GPIO_SetMode)
    I2C_ClearTimeoutFlag                     0x00001967   Thumb Code    10  i2c.o(i.I2C_ClearTimeoutFlag)
    I2C_GetStatus                            0x00001971   Thumb Code     6  i2c.o(i.I2C_GetStatus)
    I2C_IRQHandler                           0x00001979   Thumb Code    54  interrupt.o(i.I2C_IRQHandler)
    Pin2Addr                                 0x000019cd   Thumb Code    26  mygpio.o(i.Pin2Addr)
    SPI_EnableAutoSS                         0x000019ed   Thumb Code    22  spi.o(i.SPI_EnableAutoSS)
    SPI_Open                                 0x00001a05   Thumb Code   486  spi.o(i.SPI_Open)
    SYS_Init                                 0x00001bf9   Thumb Code   234  sysinit.o(i.SYS_Init)
    SYS_ResetChip                            0x00001d05   Thumb Code    18  sys.o(i.SYS_ResetChip)
    SYS_ResetModule                          0x00001d17   Thumb Code    48  sys.o(i.SYS_ResetModule)
    SendErrorUart0                           0x00001d89   Thumb Code    80  protocol.o(i.SendErrorUart0)
    SystemCoreClockUpdate                    0x00001df1   Thumb Code    76  system_m051series.o(i.SystemCoreClockUpdate)
    SystemInit                               0x00001e55   Thumb Code     2  system_m051series.o(i.SystemInit)
    TIMER_GetModuleClock                     0x00001e59   Thumb Code   110  timer.o(i.TIMER_GetModuleClock)
    TIMER_Open                               0x00001edd   Thumb Code   118  timer.o(i.TIMER_Open)
    TMR0_IRQHandler                          0x00001f55   Thumb Code    88  interrupt.o(i.TMR0_IRQHandler)
    TMR0_Init                                0x00001fc5   Thumb Code    58  sysinit.o(i.TMR0_Init)
    UART0_IRQHandler                         0x00002005   Thumb Code     8  interrupt.o(i.UART0_IRQHandler)
    UART0_Init                               0x0000200d   Thumb Code    20  uart_printf.o(i.UART0_Init)
    UART1_IRQHandler                         0x00002029   Thumb Code     8  interrupt.o(i.UART1_IRQHandler)
    UART1_Init                               0x00002031   Thumb Code    20  uart_printf.o(i.UART1_Init)
    UART_Function_Init                       0x0000204d   Thumb Code    40  sysinit.o(i.UART_Function_Init)
    UART_Open                                0x0000207d   Thumb Code   166  uart.o(i.UART_Open)
    UART_SetLine_Config                      0x00002135   Thumb Code   170  uart.o(i.UART_SetLine_Config)
    USART_RecFrame                           0x000021ed   Thumb Code   236  usart_fun.o(i.USART_RecFrame)
    USART_RecvPackage                        0x000022e1   Thumb Code    70  usart_fun.o(i.USART_RecvPackage)
    USART_SendFrame                          0x00002335   Thumb Code   164  usart_fun.o(i.USART_SendFrame)
    USART_SendPackage                        0x000023d9   Thumb Code    68  usart_fun.o(i.USART_SendPackage)
    __0vsprintf                              0x0000253d   Thumb Code    30  printfa.o(i.__0vsprintf)
    __1vsprintf                              0x0000253d   Thumb Code     0  printfa.o(i.__0vsprintf)
    __2vsprintf                              0x0000253d   Thumb Code     0  printfa.o(i.__0vsprintf)
    __c89vsprintf                            0x0000253d   Thumb Code     0  printfa.o(i.__0vsprintf)
    vsprintf                                 0x0000253d   Thumb Code     0  printfa.o(i.__0vsprintf)
    __ARM_clz                                0x00002561   Thumb Code    46  depilogue.o(i.__ARM_clz)
    __ARM_common_switch8                     0x0000258f   Thumb Code    28  mygpio.o(i.__ARM_common_switch8)
    __ARM_fpclassify                         0x000025ad   Thumb Code    40  fpclassify.o(i.__ARM_fpclassify)
    __aeabi_errno_addr                       0x000025d9   Thumb Code     4  errno.o(i.__aeabi_errno_addr)
    __rt_errno_addr                          0x000025d9   Thumb Code     0  errno.o(i.__aeabi_errno_addr)
    __kernel_poly                            0x000025e1   Thumb Code   172  poly.o(i.__kernel_poly)
    __mathlib_dbl_divzero                    0x0000268d   Thumb Code    16  dunder.o(i.__mathlib_dbl_divzero)
    __mathlib_dbl_infnan2                    0x000026a1   Thumb Code     8  dunder.o(i.__mathlib_dbl_infnan2)
    __mathlib_dbl_invalid                    0x000026a9   Thumb Code    16  dunder.o(i.__mathlib_dbl_invalid)
    __mathlib_dbl_overflow                   0x000026b9   Thumb Code    16  dunder.o(i.__mathlib_dbl_overflow)
    __mathlib_dbl_underflow                  0x000026cd   Thumb Code    14  dunder.o(i.__mathlib_dbl_underflow)
    __read_errno                             0x000026e1   Thumb Code     6  errno.o(i.__read_errno)
    __scatterload_copy                       0x000026ed   Thumb Code    14  handlers.o(i.__scatterload_copy)
    __scatterload_null                       0x000026fb   Thumb Code     2  handlers.o(i.__scatterload_null)
    __scatterload_zeroinit                   0x000026fd   Thumb Code    14  handlers.o(i.__scatterload_zeroinit)
    __set_errno                              0x0000270d   Thumb Code     6  errno.o(i.__set_errno)
    _is_digit                                0x00002871   Thumb Code    14  scanf_fp.o(i._is_digit)
    analogRead                               0x00002fc5   Thumb Code   304  mygpio.o(i.analogRead)
    atof                                     0x00003231   Thumb Code    42  atof.o(i.atof)
    delay                                    0x00003d85   Thumb Code    24  systime.o(i.delay)
    digitalRead                              0x00003d9d   Thumb Code    26  mygpio.o(i.digitalRead)
    digitalWrite                             0x00003dbd   Thumb Code    16  mygpio.o(i.digitalWrite)
    entry_update                             0x00003dcd   Thumb Code    62  main.o(i.entry_update)
    flash_read_angle_offset                  0x00003e15   Thumb Code   262  dataflash.o(i.flash_read_angle_offset)
    flash_read_data_mode                     0x00003f21   Thumb Code   248  dataflash.o(i.flash_read_data_mode)
    flash_write_angle_offset                 0x0000401d   Thumb Code   198  dataflash.o(i.flash_write_angle_offset)
    flash_write_data_mode                    0x000040e9   Thumb Code   188  dataflash.o(i.flash_write_data_mode)
    flush_uart0_forward_buffer               0x000041a9   Thumb Code    50  protocol.o(i.flush_uart0_forward_buffer)
    flush_uart0_local_buffer                 0x000041e9   Thumb Code   214  protocol.o(i.flush_uart0_local_buffer)
    is_pin_analog                            0x000042e5   Thumb Code    30  mygpio.o(i.is_pin_analog)
    main                                     0x00004305   Thumb Code   414  main.o(i.main)
    map                                      0x000044e9   Thumb Code    30  mygpio.o(i.map)
    millis                                   0x00004509   Thumb Code    14  systime.o(i.millis)
    motor_process                            0x000049b5   Thumb Code   100  servo_control.o(i.motor_process)
    mp9960_init                              0x00004bcd   Thumb Code    30  mp9960.o(i.mp9960_init)
    mp9960_read_raw_angle                    0x00004bf5   Thumb Code    70  mp9960.o(i.mp9960_read_raw_angle)
    parse_gcommand                           0x00004c41   Thumb Code   148  protocol.o(i.parse_gcommand)
    parse_uart0_recv_buffer                  0x00004dd5   Thumb Code   434  protocol.o(i.parse_uart0_recv_buffer)
    pinMode                                  0x00004fbd   Thumb Code   110  mygpio.o(i.pinMode)
    pow                                      0x00005031   Thumb Code  2548  pow.o(i.pow)
    processSysexMessage                      0x00005a2d   Thumb Code   218  protocol.o(i.processSysexMessage)
    pwm_init                                 0x00005b45   Thumb Code  1058  mepwm.o(i.pwm_init)
    pwm_write                                0x00005f69   Thumb Code    74  mepwm.o(i.pwm_write)
    pwm_writeMicroseconds                    0x00005fb9   Thumb Code   168  mepwm.o(i.pwm_writeMicroseconds)
    readLong                                 0x00006069   Thumb Code   108  protocol.o(i.readLong)
    readShort                                0x000060d9   Thumb Code    66  protocol.o(i.readShort)
    readbyte                                 0x000061a9   Thumb Code    36  protocol.o(i.readbyte)
    rgb_init                                 0x000061d1   Thumb Code    68  rgb.o(i.rgb_init)
    sendFloat                                0x00006215   Thumb Code   164  protocol.o(i.sendFloat)
    sendLong                                 0x000062bd   Thumb Code   164  protocol.o(i.sendLong)
    sendShort                                0x00006365   Thumb Code   108  protocol.o(i.sendShort)
    send_sensor_report                       0x000063d5   Thumb Code   632  protocol.o(i.send_sensor_report)
    send_string                              0x00006839   Thumb Code    36  uart_printf.o(i.send_string)
    send_uart0_string                        0x0000685d   Thumb Code    22  protocol.o(i.send_uart0_string)
    servodet_init                            0x00006959   Thumb Code    34  servo_detect.o(i.servodet_init)
    servodet_process                         0x00006a89   Thumb Code   112  servo_detect.o(i.servodet_process)
    servodet_set_angle_zero                  0x00006b05   Thumb Code    50  servo_detect.o(i.servodet_set_angle_zero)
    servodriver_get_nfault_value             0x00006d8d   Thumb Code    18  servo_driver.o(i.servodriver_get_nfault_value)
    servodriver_init                         0x00006da1   Thumb Code    44  servo_driver.o(i.servodriver_init)
    servodriver_run_abs_pos                  0x00006dd1   Thumb Code    80  servo_driver.o(i.servodriver_run_abs_pos)
    servodriver_run_debug                    0x00006e29   Thumb Code    82  servo_driver.o(i.servodriver_run_debug)
    servodriver_run_idle                     0x00006e85   Thumb Code    22  servo_driver.o(i.servodriver_run_idle)
    servodriver_run_pwm                      0x00006ea5   Thumb Code    24  servo_driver.o(i.servodriver_run_pwm)
    servodriver_run_relative_pos             0x00006ec5   Thumb Code    88  servo_driver.o(i.servodriver_run_relative_pos)
    servodriver_set_pwm                      0x00006f25   Thumb Code   120  servo_driver.o(i.servodriver_set_pwm)
    set_data_flash_fix_4k                    0x00007015   Thumb Code    80  dataflash.o(i.set_data_flash_fix_4k)
    set_rgb                                  0x00007065   Thumb Code    52  rgb.o(i.set_rgb)
    spi_flash_erase_sector                   0x000077f1   Thumb Code    60  dataflash.o(i.spi_flash_erase_sector)
    spi_flash_read                           0x00007835   Thumb Code   186  dataflash.o(i.spi_flash_read)
    spi_flash_write                          0x000078f9   Thumb Code   234  dataflash.o(i.spi_flash_write)
    sqrt                                     0x000079ed   Thumb Code    66  sqrt.o(i.sqrt)
    uart0_printf                             0x00007b1d   Thumb Code    38  protocol.o(i.uart0_printf)
    uart_printf                              0x00007b43   Thumb Code    44  uart_printf.o(i.uart_printf)
    us100                                    0x00007b71   Thumb Code     6  systime.o(i.us100)
    write_angle_offset_to_flash              0x00007b7d   Thumb Code    92  dataflash.o(i.write_angle_offset_to_flash)
    write_byte_uart0                         0x00007c45   Thumb Code    70  protocol.o(i.write_byte_uart0)
    write_byte_uart1                         0x00007c9d   Thumb Code    24  protocol.o(i.write_byte_uart1)
    write_cmd_mode_to_flash                  0x00007cb9   Thumb Code    86  dataflash.o(i.write_cmd_mode_to_flash)
    gau32ClkSrcTbl                           0x00007d64   Data          32  system_m051series.o(.constdata)
    cmd_list_tab                             0x00007d84   Data         108  protocol.o(.constdata)
    __mathlib_zero                           0x00007ec8   Data           8  qnan.o(.constdata)
    __ctype_table                            0x00007ed0   Data         129  ctype_o.o(.constdata)
    Region$$Table$$Base                      0x00007f58   Number         0  anon$$obj.o(Region$$Table)
    Region$$Table$$Limit                     0x00007f78   Number         0  anon$$obj.o(Region$$Table)
    SystemCoreClock                          0x20000000   Data           4  system_m051series.o(.data)
    CyclesPerUs                              0x20000004   Data           4  system_m051series.o(.data)
    PllClock                                 0x20000008   Data           4  system_m051series.o(.data)
    report_time                              0x2000000c   Data           4  main.o(.data)
    system_time                              0x20000010   Data           4  main.o(.data)
    type0                                    0x20000014   Data           1  main.o(.data)
    type1                                    0x20000015   Data           1  main.o(.data)
    limit_pwm                                0x20000016   Data           2  main.o(.data)
    fq_tab                                   0x20000018   Data          32  mepwm.o(.data)
    parsingSysex                             0x20000038   Data           1  protocol.o(.data)
    parsingVersionSysex                      0x20000039   Data           1  protocol.o(.data)
    parsingSysexComplete                     0x2000003a   Data           1  protocol.o(.data)
    parsingGcode                             0x2000003b   Data           1  protocol.o(.data)
    parsingGcodeComplete                     0x2000003c   Data           1  protocol.o(.data)
    isLocalOutput                            0x2000003d   Data           1  protocol.o(.data)
    isForwardOutput                          0x2000003e   Data           1  protocol.o(.data)
    shake_hand_flag                          0x2000003f   Data           1  protocol.o(.data)
    sysexBytesRead                           0x20000040   Data           2  protocol.o(.data)
    ForwardBytesRead                         0x20000042   Data           2  protocol.o(.data)
    Uart0SendBytes                           0x20000044   Data           2  protocol.o(.data)
    Uart1Revhead                             0x20000046   Data           2  protocol.o(.data)
    Uart1RevRtail                            0x20000048   Data           2  protocol.o(.data)
    Uart0Sendhead                            0x2000004a   Data           2  protocol.o(.data)
    Uart0SendRtail                           0x2000004c   Data           2  protocol.o(.data)
    InputBytesRead                           0x2000004e   Data           2  protocol.o(.data)
    Uart0Revhead                             0x20000050   Data           2  protocol.o(.data)
    Uart0RevRtail                            0x20000052   Data           2  protocol.o(.data)
    device_id                                0x20000054   Data           1  protocol.o(.data)
    device_id_2                              0x20000055   Data           1  protocol.o(.data)
    device_type                              0x20000056   Data           1  protocol.o(.data)
    command_mode                             0x20000057   Data           1  protocol.o(.data)
    mVersion                                 0x20000058   Data          10  protocol.o(.data)
    report_mode                              0x20000062   Data           2  protocol.o(.data)
    report_smart_pos_mode                    0x20000064   Data           2  protocol.o(.data)
    report_smart_angle_mode                  0x20000066   Data           2  protocol.o(.data)
    report_smart_temp_mode                   0x20000068   Data           2  protocol.o(.data)
    report_smart_speed_mode                  0x2000006a   Data           2  protocol.o(.data)
    report_smart_voltage_mode                0x2000006c   Data           2  protocol.o(.data)
    report_smart_current_mode                0x2000006e   Data           2  protocol.o(.data)
    report_record_info                       0x20000070   Data           1  protocol.o(.data)
    pre_smart_servo_pos_val                  0x20000072   Data           2  protocol.o(.data)
    pre_smart_servo_temp_val                 0x20000074   Data           2  protocol.o(.data)
    pre_smart_servo_voltage_val              0x20000076   Data           2  protocol.o(.data)
    pre_smart_servo_current_val              0x20000078   Data           2  protocol.o(.data)
    pre_smart_servo_speed_val                0x2000007c   Data           4  protocol.o(.data)
    pre_smart_servo_angle_val                0x20000080   Data           4  protocol.o(.data)
    flush_uart1_forward_time                 0x20000084   Data           4  protocol.o(.data)
    flush_uart0_local_time                   0x20000088   Data           4  protocol.o(.data)
    val8byte                                 0x20000090   Data           8  protocol.o(.data)
    val4byte                                 0x20000098   Data           4  protocol.o(.data)
    val2byte                                 0x2000009c   Data           2  protocol.o(.data)
    val1byte                                 0x2000009e   Data           1  protocol.o(.data)
    K_P                                      0x200000a0   Data           4  protocol.o(.data)
    varP                                     0x200000a4   Data           4  protocol.o(.data)
    varM                                     0x200000a8   Data           4  protocol.o(.data)
    K                                        0x200000ac   Data           4  protocol.o(.data)
    Kalmanq                                  0x200000b0   Data           4  protocol.o(.data)
    s_I2C0HandlerFn                          0x200000b4   Data           4  interrupt.o(.data)
    timer5ms_flag                            0x200000b8   Data           1  interrupt.o(.data)
    timer2ms_flag                            0x200000b9   Data           1  interrupt.o(.data)
    s_output_pwm                             0x200000c4   Data           4  servo_control.o(.data)
    g_error_id                               0x200000dc   Data           4  servo_detect.o(.data)
    g_eSysMotionStatus                       0x20000112   Data           1  servo_driver.o(.data)
    g_ucRXLen                                0x2000011a   Data           2  usart_fun.o(.data)
    g_ucTXLen                                0x2000011c   Data           2  usart_fun.o(.data)
    pw_ctl_tab                               0x2000012c   Data          32  mepwm.o(.bss)
    Uart0SendData                            0x2000016c   Data         128  protocol.o(.bss)
    Uart0RecData                             0x200001ec   Data         128  protocol.o(.bss)
    Uart1RecData                             0x2000026c   Data         128  protocol.o(.bss)
    sysex                                    0x200002ec   Data         512  protocol.o(.bss)
    angle_offset_data_struct                 0x200004ec   Data          12  dataflash.o(.bss)
    cmd_mode_data_struct                     0x200004f8   Data          12  dataflash.o(.bss)
    speed_ctrl                               0x20000504   Data          28  servo_control.o(.bss)
    pos_ctrl                                 0x20000520   Data          28  servo_control.o(.bss)
    g_servo_info                             0x2000053c   Data          36  servo_detect.o(.bss)
    g_ucCOMRxBuf                             0x200005a0   Data          50  usart_fun.o(.bss)
    g_ucCOMTxBuf                             0x200005d2   Data          50  usart_fun.o(.bss)
    __initial_sp                             0x20000e08   Data           0  startup_m051series.o(STACK)



==============================================================================

Memory Map of the image

  Image Entry point : 0x000000d5

  Load Region LR_IROM1 (Base: 0x00000000, Size: 0x000080a4, Max: 0x0000d800, ABSOLUTE, COMPRESSED[0x00007fb4])

    Execution Region ER_IROM1 (Base: 0x00000000, Size: 0x00007f78, Max: 0x0000d800, ABSOLUTE)

    Base Addr    Size         Type   Attr      Idx    E Section Name        Object

    0x00000000   0x000000c0   Data   RO          108    RESET               startup_m051series.o
    0x000000c0   0x00000000   Code   RO         2416  * .ARM.Collect$$$$00000000  mc_p.l(entry.o)
    0x000000c0   0x00000004   Code   RO         2529    .ARM.Collect$$$$00000001  mc_p.l(entry2.o)
    0x000000c4   0x00000004   Code   RO         2532    .ARM.Collect$$$$00000004  mc_p.l(entry5.o)
    0x000000c8   0x00000000   Code   RO         2534    .ARM.Collect$$$$00000008  mc_p.l(entry7b.o)
    0x000000c8   0x00000000   Code   RO         2536    .ARM.Collect$$$$0000000A  mc_p.l(entry8b.o)
    0x000000c8   0x00000008   Code   RO         2537    .ARM.Collect$$$$0000000B  mc_p.l(entry9a.o)
    0x000000d0   0x00000000   Code   RO         2539    .ARM.Collect$$$$0000000D  mc_p.l(entry10a.o)
    0x000000d0   0x00000000   Code   RO         2541    .ARM.Collect$$$$0000000F  mc_p.l(entry11a.o)
    0x000000d0   0x00000004   Code   RO         2530    .ARM.Collect$$$$00002712  mc_p.l(entry2.o)
    0x000000d4   0x0000005c   Code   RO          109  * .text               startup_m051series.o
    0x00000130   0x0000002c   Code   RO         2419    .text               mc_p.l(uidiv.o)
    0x0000015c   0x00000028   Code   RO         2421    .text               mc_p.l(idiv.o)
    0x00000184   0x00000024   Code   RO         2423    .text               mc_p.l(rand.o)
    0x000001a8   0x00000024   Code   RO         2426    .text               mc_p.l(memcpya.o)
    0x000001cc   0x00000024   Code   RO         2428    .text               mc_p.l(memseta.o)
    0x000001f0   0x0000004c   Code   RO         2430    .text               mc_p.l(strtok_r.o)
    0x0000023c   0x00000022   Code   RO         2433    .text               mc_p.l(strcspn.o)
    0x0000025e   0x0000001a   Code   RO         2466    .text               mc_p.l(atoi.o)
    0x00000278   0x0000001a   Code   RO         2468    .text               mc_p.l(atol.o)
    0x00000292   0x000000b2   Code   RO         2470    .text               mf_p.l(fadd.o)
    0x00000344   0x0000007a   Code   RO         2472    .text               mf_p.l(fmul.o)
    0x000003be   0x0000007c   Code   RO         2474    .text               mf_p.l(fdiv.o)
    0x0000043a   0x00000002   PAD
    0x0000043c   0x00000164   Code   RO         2476    .text               mf_p.l(dadd.o)
    0x000005a0   0x000000d0   Code   RO         2478    .text               mf_p.l(dmul.o)
    0x00000670   0x000000f0   Code   RO         2480    .text               mf_p.l(ddiv.o)
    0x00000760   0x00000016   Code   RO         2482    .text               mf_p.l(fflti.o)
    0x00000776   0x0000000e   Code   RO         2484    .text               mf_p.l(ffltui.o)
    0x00000784   0x00000028   Code   RO         2486    .text               mf_p.l(dflti.o)
    0x000007ac   0x00000032   Code   RO         2488    .text               mf_p.l(ffixi.o)
    0x000007de   0x00000002   PAD
    0x000007e0   0x00000048   Code   RO         2490    .text               mf_p.l(dfixi.o)
    0x00000828   0x00000028   Code   RO         2492    .text               mf_p.l(f2d.o)
    0x00000850   0x00000028   Code   RO         2494    .text               mf_p.l(cdrcmple.o)
    0x00000878   0x00000038   Code   RO         2496    .text               mf_p.l(d2f.o)
    0x000008b0   0x00000014   Code   RO         2498    .text               mf_p.l(cfcmple.o)
    0x000008c4   0x00000014   Code   RO         2500    .text               mf_p.l(cfrcmple.o)
    0x000008d8   0x00000060   Code   RO         2543    .text               mc_p.l(uldiv.o)
    0x00000938   0x00000020   Code   RO         2545    .text               mc_p.l(llshl.o)
    0x00000958   0x00000022   Code   RO         2547    .text               mc_p.l(llushr.o)
    0x0000097a   0x00000026   Code   RO         2549    .text               mc_p.l(llsshr.o)
    0x000009a0   0x000000a4   Code   RO         2558    .text               mc_p.l(strtod.o)
    0x00000a44   0x00000070   Code   RO         2560    .text               mc_p.l(strtol.o)
    0x00000ab4   0x00000000   Code   RO         2562    .text               mc_p.l(iusefp.o)
    0x00000ab4   0x00000082   Code   RO         2563    .text               mf_p.l(fepilogue.o)
    0x00000b36   0x000000be   Code   RO         2565    .text               mf_p.l(depilogue.o)
    0x00000bf4   0x0000002c   Code   RO         2569    .text               mf_p.l(dscalb.o)
    0x00000c20   0x00000040   Code   RO         2571    .text               mf_p.l(dfixul.o)
    0x00000c60   0x00000024   Code   RO         2573    .text               mc_p.l(init.o)
    0x00000c84   0x00000008   Code   RO         2577    .text               mc_p.l(ctype_o.o)
    0x00000c8c   0x00000012   Code   RO         2599    .text               mc_p.l(isspace_o.o)
    0x00000c9e   0x00000002   PAD
    0x00000ca0   0x0000034c   Code   RO         2605    .text               mc_p.l(scanf_fp.o)
    0x00000fec   0x00000044   Code   RO         2609    .text               mc_p.l(_sgetc.o)
    0x00001030   0x000000a6   Code   RO         2611    .text               mc_p.l(_strtoul.o)
    0x000010d6   0x000000a2   Code   RO         2613    .text               mf_p.l(dsqrt.o)
    0x00001178   0x0000007a   Code   RO         2617    .text               mc_p.l(llmul.o)
    0x000011f2   0x0000001e   Code   RO         2622    .text               mc_p.l(_chval.o)
    0x00001210   0x0000001c   Code   RO         2624    .text               mf_p.l(dfltul.o)
    0x0000122c   0x00000056   Code   RO         2634    .text               mc_p.l(__dczerorl2.o)
    0x00001282   0x00000002   PAD
    0x00001284   0x00000024   Code   RO         1864    i.CLK_EnableModuleClock  clk.o
    0x000012a8   0x00000128   Code   RO         1865    i.CLK_EnablePLL     clk.o
    0x000013d0   0x00000010   Code   RO         1866    i.CLK_EnableXtalRC  clk.o
    0x000013e0   0x00000010   Code   RO         1868    i.CLK_GetHCLKFreq   clk.o
    0x000013f0   0x00000080   Code   RO            3    i.CLK_GetPLLClockFreq  system_m051series.o
    0x00001470   0x00000080   Code   RO         1554    i.CLK_GetPLLClockFreq  uart.o
    0x000014f0   0x00000080   Code   RO         1870    i.CLK_GetPLLClockFreq  clk.o
    0x00001570   0x00000080   Code   RO         2295    i.CLK_GetPLLClockFreq  spi.o
    0x000015f0   0x00000054   Code   RO         1873    i.CLK_SetCoreClock  clk.o
    0x00001644   0x0000002c   Code   RO         1874    i.CLK_SetHCLK       clk.o
    0x00001670   0x00000064   Code   RO         1875    i.CLK_SetModuleClock  clk.o
    0x000016d4   0x00000028   Code   RO         1877    i.CLK_WaitClockReady  clk.o
    0x000016fc   0x0000006c   Code   RO         1356    i.COMSendBuffer     usart_fun.o
    0x00001768   0x00000014   Code   RO         2018    i.FMC_Close         fmc.o
    0x0000177c   0x00000014   Code   RO         2021    i.FMC_DisableLDUpdate  fmc.o
    0x00001790   0x00000014   Code   RO         2023    i.FMC_EnableConfigUpdate  fmc.o
    0x000017a4   0x00000014   Code   RO         2024    i.FMC_EnableLDUpdate  fmc.o
    0x000017b8   0x00000040   Code   RO          196    i.FMC_Erase         main.o
    0x000017f8   0x00000040   Code   RO          968    i.FMC_Erase         dataflash.o
    0x00001838   0x00000014   Code   RO         2026    i.FMC_Open          fmc.o
    0x0000184c   0x00000028   Code   RO         2027    i.FMC_Read          fmc.o
    0x00001874   0x00000024   Code   RO         2028    i.FMC_ReadConfig    fmc.o
    0x00001898   0x00000064   Code   RO         2031    i.FMC_WriteConfig   fmc.o
    0x000018fc   0x0000003c   Code   RO          839    i.GPIOP2P3P4_IRQHandler  interrupt.o
    0x00001938   0x0000002e   Code   RO         1988    i.GPIO_SetMode      gpio.o
    0x00001966   0x0000000a   Code   RO         1674    i.I2C_ClearTimeoutFlag  i2c.o
    0x00001970   0x00000006   Code   RO         1685    i.I2C_GetStatus     i2c.o
    0x00001976   0x00000002   PAD
    0x00001978   0x00000040   Code   RO          840    i.I2C_IRQHandler    interrupt.o
    0x000019b8   0x00000014   Code   RO          906    i.NVIC_EnableIRQ    sysinit.o
    0x000019cc   0x00000020   Code   RO          335    i.Pin2Addr          mygpio.o
    0x000019ec   0x00000016   Code   RO         2303    i.SPI_EnableAutoSS  spi.o
    0x00001a02   0x00000002   PAD
    0x00001a04   0x000001f4   Code   RO         2309    i.SPI_Open          spi.o
    0x00001bf8   0x0000010c   Code   RO          907    i.SYS_Init          sysinit.o
    0x00001d04   0x00000012   Code   RO         1488    i.SYS_ResetChip     sys.o
    0x00001d16   0x00000030   Code   RO         1489    i.SYS_ResetModule   sys.o
    0x00001d46   0x00000002   PAD
    0x00001d48   0x00000020   Code   RO          197    i.SYS_UnlockReg     main.o
    0x00001d68   0x00000020   Code   RO          969    i.SYS_UnlockReg     dataflash.o
    0x00001d88   0x00000068   Code   RO          454    i.SendErrorUart0    protocol.o
    0x00001df0   0x00000064   Code   RO            4    i.SystemCoreClockUpdate  system_m051series.o
    0x00001e54   0x00000002   Code   RO            5    i.SystemInit        system_m051series.o
    0x00001e56   0x00000002   PAD
    0x00001e58   0x00000084   Code   RO         1802    i.TIMER_GetModuleClock  timer.o
    0x00001edc   0x00000076   Code   RO         1803    i.TIMER_Open        timer.o
    0x00001f52   0x00000002   PAD
    0x00001f54   0x00000070   Code   RO          841    i.TMR0_IRQHandler   interrupt.o
    0x00001fc4   0x00000040   Code   RO          908    i.TMR0_Init         sysinit.o
    0x00002004   0x00000008   Code   RO          842    i.UART0_IRQHandler  interrupt.o
    0x0000200c   0x0000001c   Code   RO          115    i.UART0_Init        uart_printf.o
    0x00002028   0x00000008   Code   RO          843    i.UART1_IRQHandler  interrupt.o
    0x00002030   0x0000001c   Code   RO          116    i.UART1_Init        uart_printf.o
    0x0000204c   0x00000030   Code   RO          909    i.UART_Function_Init  sysinit.o
    0x0000207c   0x000000b8   Code   RO         1563    i.UART_Open         uart.o
    0x00002134   0x000000b8   Code   RO         1568    i.UART_SetLine_Config  uart.o
    0x000021ec   0x000000f4   Code   RO         1357    i.USART_RecFrame    usart_fun.o
    0x000022e0   0x00000054   Code   RO         1358    i.USART_RecvPackage  usart_fun.o
    0x00002334   0x000000a4   Code   RO         1359    i.USART_SendFrame   usart_fun.o
    0x000023d8   0x0000004c   Code   RO         1360    i.USART_SendPackage  usart_fun.o
    0x00002424   0x00000088   Code   RO          844    i.Uart0_Handle      interrupt.o
    0x000024ac   0x00000090   Code   RO          845    i.Uart1_Handle      interrupt.o
    0x0000253c   0x00000024   Code   RO         2444    i.__0vsprintf       mc_p.l(printfa.o)
    0x00002560   0x0000002e   Code   RO         2567    i.__ARM_clz         mf_p.l(depilogue.o)
    0x0000258e   0x0000001c   Code   RO          404    i.__ARM_common_switch8  mygpio.o
    0x000025aa   0x00000002   PAD
    0x000025ac   0x0000002c   Code   RO         2516    i.__ARM_fpclassify  m_ps.l(fpclassify.o)
    0x000025d8   0x00000008   Code   RO         2551    i.__aeabi_errno_addr  mc_p.l(errno.o)
    0x000025e0   0x000000ac   Code   RO         2518    i.__kernel_poly     m_ps.l(poly.o)
    0x0000268c   0x00000014   Code   RO         2502    i.__mathlib_dbl_divzero  m_ps.l(dunder.o)
    0x000026a0   0x00000008   Code   RO         2504    i.__mathlib_dbl_infnan2  m_ps.l(dunder.o)
    0x000026a8   0x00000010   Code   RO         2505    i.__mathlib_dbl_invalid  m_ps.l(dunder.o)
    0x000026b8   0x00000014   Code   RO         2506    i.__mathlib_dbl_overflow  m_ps.l(dunder.o)
    0x000026cc   0x00000014   Code   RO         2508    i.__mathlib_dbl_underflow  m_ps.l(dunder.o)
    0x000026e0   0x0000000c   Code   RO         2552    i.__read_errno      mc_p.l(errno.o)
    0x000026ec   0x0000000e   Code   RO         2628    i.__scatterload_copy  mc_p.l(handlers.o)
    0x000026fa   0x00000002   Code   RO         2629    i.__scatterload_null  mc_p.l(handlers.o)
    0x000026fc   0x0000000e   Code   RO         2630    i.__scatterload_zeroinit  mc_p.l(handlers.o)
    0x0000270a   0x00000002   PAD
    0x0000270c   0x0000000c   Code   RO         2553    i.__set_errno       mc_p.l(errno.o)
    0x00002718   0x00000158   Code   RO         2445    i._fp_digits        mc_p.l(printfa.o)
    0x00002870   0x0000000e   Code   RO         2607    i._is_digit         mc_p.l(scanf_fp.o)
    0x0000287e   0x00000002   PAD
    0x00002880   0x000006ec   Code   RO         2446    i._printf_core      mc_p.l(printfa.o)
    0x00002f6c   0x00000020   Code   RO         2447    i._printf_post_padding  mc_p.l(printfa.o)
    0x00002f8c   0x0000002c   Code   RO         2448    i._printf_pre_padding  mc_p.l(printfa.o)
    0x00002fb8   0x0000000a   Code   RO         2450    i._sputc            mc_p.l(printfa.o)
    0x00002fc2   0x00000002   PAD
    0x00002fc4   0x00000138   Code   RO          336    i.analogRead        mygpio.o
    0x000030fc   0x00000084   Code   RO          455    i.assign_dev_id_2_response  protocol.o
    0x00003180   0x000000b0   Code   RO          456    i.assign_dev_id_response  protocol.o
    0x00003230   0x0000002a   Code   RO         2403    i.atof              m_ps.l(atof.o)
    0x0000325a   0x00000002   PAD
    0x0000325c   0x00000044   Code   RO          459    i.check_sysex_message  protocol.o
    0x000032a0   0x00000124   Code   RO          460    i.cmd_absolute_angle  protocol.o
    0x000033c4   0x00000124   Code   RO          461    i.cmd_absolute_angle_long  protocol.o
    0x000034e8   0x00000088   Code   RO          462    i.cmd_absolute_pos  protocol.o
    0x00003570   0x00000084   Code   RO          463    i.cmd_assign_dev_id  protocol.o
    0x000035f4   0x00000070   Code   RO          464    i.cmd_back_zero     protocol.o
    0x00003664   0x000000f0   Code   RO          465    i.cmd_get_servo_angle  protocol.o
    0x00003754   0x0000002c   Code   RO          466    i.cmd_get_servo_current  protocol.o
    0x00003780   0x00000044   Code   RO          467    i.cmd_get_servo_pos  protocol.o
    0x000037c4   0x00000030   Code   RO          468    i.cmd_get_servo_speed  protocol.o
    0x000037f4   0x0000002c   Code   RO          469    i.cmd_get_servo_temperature  protocol.o
    0x00003820   0x0000002c   Code   RO          470    i.cmd_get_servo_voltage  protocol.o
    0x0000384c   0x0000002c   Code   RO          471    i.cmd_get_smart_version  protocol.o
    0x00003878   0x00000124   Code   RO          472    i.cmd_relative_angle  protocol.o
    0x0000399c   0x00000124   Code   RO          473    i.cmd_relative_angle_long  protocol.o
    0x00003ac0   0x00000088   Code   RO          474    i.cmd_relative_pos  protocol.o
    0x00003b48   0x00000058   Code   RO          475    i.cmd_reset_smart_servo  protocol.o
    0x00003ba0   0x0000005c   Code   RO          476    i.cmd_set_command_mode  protocol.o
    0x00003bfc   0x0000001c   Code   RO          477    i.cmd_set_current_angle_zero_degrees  protocol.o
    0x00003c18   0x0000005c   Code   RO          478    i.cmd_set_pwm_motion  protocol.o
    0x00003c74   0x00000068   Code   RO          479    i.cmd_set_rgb_led   protocol.o
    0x00003cdc   0x00000050   Code   RO          480    i.cmd_set_servo_break  protocol.o
    0x00003d2c   0x00000018   Code   RO          481    i.cmd_shake_hand    protocol.o
    0x00003d44   0x00000040   Code   RO          482    i.cmd_test_response  protocol.o
    0x00003d84   0x00000018   Code   RO          290    i.delay             systime.o
    0x00003d9c   0x00000020   Code   RO          337    i.digitalRead       mygpio.o
    0x00003dbc   0x00000010   Code   RO          338    i.digitalWrite      mygpio.o
    0x00003dcc   0x00000048   Code   RO          198    i.entry_update      main.o
    0x00003e14   0x0000010c   Code   RO          971    i.flash_read_angle_offset  dataflash.o
    0x00003f20   0x000000fc   Code   RO          972    i.flash_read_data_mode  dataflash.o
    0x0000401c   0x000000cc   Code   RO          973    i.flash_write_angle_offset  dataflash.o
    0x000040e8   0x000000c0   Code   RO          974    i.flash_write_data_mode  dataflash.o
    0x000041a8   0x00000040   Code   RO          483    i.flush_uart0_forward_buffer  protocol.o
    0x000041e8   0x000000fc   Code   RO          484    i.flush_uart0_local_buffer  protocol.o
    0x000042e4   0x0000001e   Code   RO          339    i.is_pin_analog     mygpio.o
    0x00004302   0x00000002   PAD
    0x00004304   0x000001e4   Code   RO          199    i.main              main.o
    0x000044e8   0x0000001e   Code   RO          342    i.map               mygpio.o
    0x00004506   0x00000002   PAD
    0x00004508   0x00000014   Code   RO          292    i.millis            systime.o
    0x0000451c   0x000000a4   Code   RO         1143    i.motor_debug_mode  servo_control.o
    0x000045c0   0x00000030   Code   RO         1144    i.motor_error_mode  servo_control.o
    0x000045f0   0x0000003c   Code   RO         1145    i.motor_idle_mode   servo_control.o
    0x0000462c   0x00000388   Code   RO         1146    i.motor_pos_mode    servo_control.o
    0x000049b4   0x00000070   Code   RO         1147    i.motor_process     servo_control.o
    0x00004a24   0x00000090   Code   RO         1148    i.motor_pwm_mode    servo_control.o
    0x00004ab4   0x00000118   Code   RO         1149    i.motor_speed_mode  servo_control.o
    0x00004bcc   0x00000028   Code   RO         1073    i.mp9960_init       mp9960.o
    0x00004bf4   0x0000004c   Code   RO         1074    i.mp9960_read_raw_angle  mp9960.o
    0x00004c40   0x000000a4   Code   RO          486    i.parse_gcommand    protocol.o
    0x00004ce4   0x000000f0   Code   RO          487    i.parse_mcode       protocol.o
    0x00004dd4   0x000001e8   Code   RO          488    i.parse_uart0_recv_buffer  protocol.o
    0x00004fbc   0x00000074   Code   RO          343    i.pinMode           mygpio.o
    0x00005030   0x000009fc   Code   RO         2407    i.pow               m_ps.l(pow.o)
    0x00005a2c   0x000000ec   Code   RO          489    i.processSysexMessage  protocol.o
    0x00005b18   0x0000002c   Code   RO          490    i.process_general_cmd_response  protocol.o
    0x00005b44   0x00000422   Code   RO          412    i.pwm_init          mepwm.o
    0x00005f66   0x00000002   PAD
    0x00005f68   0x00000050   Code   RO          413    i.pwm_write         mepwm.o
    0x00005fb8   0x000000b0   Code   RO          414    i.pwm_writeMicroseconds  mepwm.o
    0x00006068   0x00000070   Code   RO          492    i.readLong          protocol.o
    0x000060d8   0x00000048   Code   RO          493    i.readShort         protocol.o
    0x00006120   0x00000088   Code   RO          494    i.read_hardware_id_response  protocol.o
    0x000061a8   0x00000028   Code   RO          495    i.readbyte          protocol.o
    0x000061d0   0x00000044   Code   RO         1104    i.rgb_init          rgb.o
    0x00006214   0x000000a8   Code   RO          496    i.sendFloat         protocol.o
    0x000062bc   0x000000a8   Code   RO          497    i.sendLong          protocol.o
    0x00006364   0x00000070   Code   RO          498    i.sendShort         protocol.o
    0x000063d4   0x000002b4   Code   RO          499    i.send_sensor_report  protocol.o
    0x00006688   0x00000048   Code   RO          500    i.send_smart_angle  protocol.o
    0x000066d0   0x00000048   Code   RO          501    i.send_smart_current  protocol.o
    0x00006718   0x00000048   Code   RO          502    i.send_smart_pos    protocol.o
    0x00006760   0x00000048   Code   RO          503    i.send_smart_speed  protocol.o
    0x000067a8   0x00000048   Code   RO          504    i.send_smart_temp   protocol.o
    0x000067f0   0x00000048   Code   RO          505    i.send_smart_voltage  protocol.o
    0x00006838   0x00000024   Code   RO          117    i.send_string       uart_printf.o
    0x0000685c   0x00000016   Code   RO          506    i.send_uart0_string  protocol.o
    0x00006872   0x00000002   PAD
    0x00006874   0x000000e4   Code   RO         1204    i.servodet_current_handle  servo_detect.o
    0x00006958   0x00000028   Code   RO         1205    i.servodet_init     servo_detect.o
    0x00006980   0x0000005c   Code   RO         1206    i.servodet_nfault_handle  servo_detect.o
    0x000069dc   0x000000ac   Code   RO         1207    i.servodet_pos_handle  servo_detect.o
    0x00006a88   0x0000007c   Code   RO         1208    i.servodet_process  servo_detect.o
    0x00006b04   0x00000038   Code   RO         1209    i.servodet_set_angle_zero  servo_detect.o
    0x00006b3c   0x000000bc   Code   RO         1210    i.servodet_speed_handle  servo_detect.o
    0x00006bf8   0x00000090   Code   RO         1211    i.servodet_temperature_handle  servo_detect.o
    0x00006c88   0x00000104   Code   RO         1212    i.servodet_voltage_handle  servo_detect.o
    0x00006d8c   0x00000012   Code   RO         1276    i.servodriver_get_nfault_value  servo_driver.o
    0x00006d9e   0x00000002   PAD
    0x00006da0   0x00000030   Code   RO         1277    i.servodriver_init  servo_driver.o
    0x00006dd0   0x00000058   Code   RO         1278    i.servodriver_run_abs_pos  servo_driver.o
    0x00006e28   0x0000005c   Code   RO         1279    i.servodriver_run_debug  servo_driver.o
    0x00006e84   0x00000020   Code   RO         1281    i.servodriver_run_idle  servo_driver.o
    0x00006ea4   0x00000020   Code   RO         1282    i.servodriver_run_pwm  servo_driver.o
    0x00006ec4   0x00000060   Code   RO         1283    i.servodriver_run_relative_pos  servo_driver.o
    0x00006f24   0x0000007c   Code   RO         1285    i.servodriver_set_pwm  servo_driver.o
    0x00006fa0   0x00000074   Code   RO          509    i.set_baud_rate     protocol.o
    0x00007014   0x00000050   Code   RO          976    i.set_data_flash_fix_4k  dataflash.o
    0x00007064   0x00000034   Code   RO         1105    i.set_rgb           rgb.o
    0x00007098   0x00000018   Code   RO          510    i.shake_hand_response  protocol.o
    0x000070b0   0x00000740   Code   RO          511    i.smart_servo_cmd_process  protocol.o
    0x000077f0   0x00000044   Code   RO          977    i.spi_flash_erase_sector  dataflash.o
    0x00007834   0x000000c4   Code   RO          978    i.spi_flash_read    dataflash.o
    0x000078f8   0x000000f4   Code   RO          979    i.spi_flash_write   dataflash.o
    0x000079ec   0x00000048   Code   RO         2522    i.sqrt              m_ps.l(sqrt.o)
    0x00007a34   0x0000006c   Code   RO          512    i.system_reset_response  protocol.o
    0x00007aa0   0x0000007c   Code   RO          513    i.system_version_response  protocol.o
    0x00007b1c   0x00000026   Code   RO          514    i.uart0_printf      protocol.o
    0x00007b42   0x0000002c   Code   RO          118    i.uart_printf       uart_printf.o
    0x00007b6e   0x00000002   PAD
    0x00007b70   0x0000000c   Code   RO          293    i.us100             systime.o
    0x00007b7c   0x000000c8   Code   RO          980    i.write_angle_offset_to_flash  dataflash.o
    0x00007c44   0x00000058   Code   RO          516    i.write_byte_uart0  protocol.o
    0x00007c9c   0x0000001c   Code   RO          517    i.write_byte_uart1  protocol.o
    0x00007cb8   0x000000ac   Code   RO          981    i.write_cmd_mode_to_flash  dataflash.o
    0x00007d64   0x00000020   Data   RO            6    .constdata          system_m051series.o
    0x00007d84   0x0000006c   Data   RO          519    .constdata          protocol.o
    0x00007df0   0x00000030   Data   RO         1571    .constdata          uart.o
    0x00007e20   0x00000020   Data   RO         1804    .constdata          timer.o
    0x00007e40   0x00000088   Data   RO         2408    .constdata          m_ps.l(pow.o)
    0x00007ec8   0x00000008   Data   RO         2520    .constdata          m_ps.l(qnan.o)
    0x00007ed0   0x00000081   Data   RO         2578    .constdata          mc_p.l(ctype_o.o)
    0x00007f51   0x00000003   PAD
    0x00007f54   0x00000004   Data   RO         2579    .constdata          mc_p.l(ctype_o.o)
    0x00007f58   0x00000020   Data   RO         2626    Region$$Table       anon$$obj.o


    Execution Region RW_IRAM1 (Base: 0x20000000, Size: 0x00000e08, Max: 0x00001000, ABSOLUTE, COMPRESSED[0x0000003c])

    Base Addr    Size         Type   Attr      Idx    E Section Name        Object

    0x20000000   0x0000000c   Data   RW            7    .data               system_m051series.o
    0x2000000c   0x0000000c   Data   RW          202    .data               main.o
    0x20000018   0x00000020   Data   RW          416    .data               mepwm.o
    0x20000038   0x0000007c   Data   RW          520    .data               protocol.o
    0x200000b4   0x00000010   Data   RW          846    .data               interrupt.o
    0x200000c4   0x00000015   Data   RW         1151    .data               servo_control.o
    0x200000d9   0x00000003   PAD
    0x200000dc   0x00000034   Data   RW         1214    .data               servo_detect.o
    0x20000110   0x00000003   Data   RW         1286    .data               servo_driver.o
    0x20000113   0x00000001   PAD
    0x20000114   0x0000000b   Data   RW         1362    .data               usart_fun.o
    0x2000011f   0x00000001   PAD
    0x20000120   0x00000004   Data   RW         2424    .data               mc_p.l(rand.o)
    0x20000124   0x00000004   Data   RW         2431    .data               mc_p.l(strtok_r.o)
    0x20000128   0x00000004   Data   RW         2554    .data               mc_p.l(errno.o)
    0x2000012c   0x00000040   Zero   RW          415    .bss                mepwm.o
    0x2000016c   0x00000380   Zero   RW          518    .bss                protocol.o
    0x200004ec   0x00000018   Zero   RW          982    .bss                dataflash.o
    0x20000504   0x00000038   Zero   RW         1150    .bss                servo_control.o
    0x2000053c   0x00000064   Zero   RW         1213    .bss                servo_detect.o
    0x200005a0   0x00000064   Zero   RW         1361    .bss                usart_fun.o
    0x20000604   0x00000004   PAD
    0x20000608   0x00000800   Zero   RW          106    STACK               startup_m051series.o


==============================================================================

Image component sizes


      Code (inc. data)   RO Data    RW Data    ZI Data      Debug   Object Name

       760        100          0          0          0       5344   clk.o
      1972        254          0          0         24      10280   dataflash.o
       276         38          0          0          0       5970   fmc.o
        46          0          0          0          0        879   gpio.o
        16          0          0          0          0       1199   i2c.o
       532         84          0         16          0       6711   interrupt.o
       652         92          0         12          0      15125   main.o
      1314         64          0         32         64       2575   mepwm.o
       116         16          0          0          0        846   mp9960.o
       596         42          0          0          0       4065   mygpio.o
      9092       1050        108        124        896      37038   protocol.o
       120          0          0          0          0        913   rgb.o
      1712        146          0         21         56       4791   servo_control.o
      1304        162          0         52        100       5675   servo_detect.o
       530         52          0          3          0       5007   servo_driver.o
       650         30          0          0          0       2722   spi.o
        92         42        192          0       2048        572   startup_m051series.o
        66          0          0          0          0        838   sys.o
       400         54          0          0          0       9968   sysinit.o
       230         40         32         12          0      63639   system_m051series.o
        56         12          0          0          0       1221   systime.o
       250         22         32          0          0       1736   timer.o
       496         48         48          0          0       2770   uart.o
       136         16          0          0          0      54398   uart_printf.o
       676         44          0         11        100       4567   usart_fun.o

    ----------------------------------------------------------------------
     22114       2408        444        288       3292     248849   Object Totals
         0          0         32          0          0          0   (incl. Generated)
        24          0          0          5          4          0   (incl. Padding)

    ----------------------------------------------------------------------

      Code (inc. data)   RO Data    RW Data    ZI Data      Debug   Library Member Name

        42          0          0          0          0         76   atof.o
        84         14          0          0          0        340   dunder.o
        44          4          0          0          0         60   fpclassify.o
       172          0          0          0          0         76   poly.o
      2556        196        136          0          0        240   pow.o
         0          0          8          0          0          0   qnan.o
        72          6          0          0          0         76   sqrt.o
        86          0          0          0          0          0   __dczerorl2.o
        30          0          0          0          0         60   _chval.o
        68          0          0          0          0         76   _sgetc.o
       166          0          0          0          0         84   _strtoul.o
        26          0          0          0          0         72   atoi.o
        26          0          0          0          0         72   atol.o
         8          4        133          0          0         60   ctype_o.o
         0          0          0          0          0          0   entry.o
         0          0          0          0          0          0   entry10a.o
         0          0          0          0          0          0   entry11a.o
         8          4          0          0          0          0   entry2.o
         4          0          0          0          0          0   entry5.o
         0          0          0          0          0          0   entry7b.o
         0          0          0          0          0          0   entry8b.o
         8          4          0          0          0          0   entry9a.o
        32         16          0          4          0        180   errno.o
        30          0          0          0          0          0   handlers.o
        40          0          0          0          0         72   idiv.o
        36          8          0          0          0         68   init.o
        18          0          0          0          0         68   isspace_o.o
         0          0          0          0          0          0   iusefp.o
       122          0          0          0          0         84   llmul.o
        32          0          0          0          0         68   llshl.o
        38          0          0          0          0         68   llsshr.o
        34          0          0          0          0         68   llushr.o
        36          0          0          0          0         60   memcpya.o
        36          0          0          0          0        100   memseta.o
      2238         96          0          0          0        460   printfa.o
        36         12          0          4          0        120   rand.o
       858         12          0          0          0        184   scanf_fp.o
        34          0          0          0          0         72   strcspn.o
       164         18          0          0          0        120   strtod.o
        76          6          0          4          0         88   strtok_r.o
       112          4          0          0          0         76   strtol.o
        44          0          0          0          0         72   uidiv.o
        96          0          0          0          0         84   uldiv.o
        40          2          0          0          0         68   cdrcmple.o
        20          0          0          0          0         68   cfcmple.o
        20          0          0          0          0         68   cfrcmple.o
        56          0          0          0          0         68   d2f.o
       356          4          0          0          0        140   dadd.o
       240          6          0          0          0         84   ddiv.o
       236          0          0          0          0        216   depilogue.o
        72         10          0          0          0         72   dfixi.o
        64         10          0          0          0         68   dfixul.o
        40          6          0          0          0         68   dflti.o
        28          6          0          0          0         68   dfltul.o
       208          6          0          0          0         88   dmul.o
        44          0          0          0          0         72   dscalb.o
       162          0          0          0          0         80   dsqrt.o
        40          0          0          0          0         60   f2d.o
       178          0          0          0          0        108   fadd.o
       124          0          0          0          0         72   fdiv.o
       130          0          0          0          0        144   fepilogue.o
        50          0          0          0          0         60   ffixi.o
        22          0          0          0          0         68   fflti.o
        14          0          0          0          0         68   ffltui.o
       122          0          0          0          0         72   fmul.o

    ----------------------------------------------------------------------
      9794        454        280         12          0       5284   Library Totals
        16          0          3          0          0          0   (incl. Padding)

    ----------------------------------------------------------------------

      Code (inc. data)   RO Data    RW Data    ZI Data      Debug   Library Name

      2970        220        144          0          0        868   m_ps.l
      4542        184        133         12          0       2536   mc_p.l
      2266         50          0          0          0       1880   mf_p.l

    ----------------------------------------------------------------------
      9794        454        280         12          0       5284   Library Totals

    ----------------------------------------------------------------------

==============================================================================


      Code (inc. data)   RO Data    RW Data    ZI Data      Debug   

     31908       2862        724        300       3292     244345   Grand Totals
     31908       2862        724         60       3292     244345   ELF Image Totals (compressed)
     31908       2862        724         60          0          0   ROM Totals

==============================================================================

    Total RO  Size (Code + RO Data)                32632 (  31.87kB)
    Total RW  Size (RW Data + ZI Data)              3592 (   3.51kB)
    Total ROM Size (Code + RO Data + RW Data)      32692 (  31.93kB)

==============================================================================

