Component: ARM Compiler 5.06 update 2 (build 183) Tool: armlink [4d35b7]

==============================================================================

Section Cross References

    system_m051series.o(i.CLK_GetPLLClockFreq) refers to uidiv.o(.text) for __aeabi_uidivmod
    system_m051series.o(i.SystemCoreClockUpdate) refers to system_m051series.o(i.CLK_GetPLLClockFreq) for CLK_GetPLLClockFreq
    system_m051series.o(i.SystemCoreClockUpdate) refers to uidiv.o(.text) for __aeabi_uidivmod
    system_m051series.o(i.SystemCoreClockUpdate) refers to system_m051series.o(.data) for PllClock
    system_m051series.o(i.SystemCoreClockUpdate) refers to system_m051series.o(.constdata) for gau32ClkSrcTbl
    startup_m051series.o(RESET) refers to startup_m051series.o(STACK) for __initial_sp
    startup_m051series.o(RESET) refers to startup_m051series.o(.text) for Reset_Handler
    startup_m051series.o(RESET) refers to interrupt.o(i.GPIOP2P3P4_IRQHandler) for GPIOP2P3P4_IRQHandler
    startup_m051series.o(RESET) refers to interrupt.o(i.TMR0_IRQHandler) for TMR0_IRQHandler
    startup_m051series.o(RESET) refers to interrupt.o(i.UART0_IRQHandler) for UART0_IRQHandler
    startup_m051series.o(RESET) refers to interrupt.o(i.UART1_IRQHandler) for UART1_IRQHandler
    startup_m051series.o(RESET) refers to interrupt.o(i.I2C_IRQHandler) for I2C_IRQHandler
    startup_m051series.o(.text) refers to system_m051series.o(i.SystemInit) for SystemInit
    startup_m051series.o(.text) refers to entry.o(.ARM.Collect$$$$00000000) for __main
    uart_printf.o(i.UART0_Init) refers to sys.o(i.SYS_ResetModule) for SYS_ResetModule
    uart_printf.o(i.UART0_Init) refers to uart.o(i.UART_Open) for UART_Open
    uart_printf.o(i.UART1_Init) refers to sys.o(i.SYS_ResetModule) for SYS_ResetModule
    uart_printf.o(i.UART1_Init) refers to uart.o(i.UART_Open) for UART_Open
    uart_printf.o(i.uart_printf) refers to printfa.o(i.__0vsprintf) for __c89vsprintf
    uart_printf.o(i.uart_printf) refers to uart_printf.o(i.send_string) for send_string
    main.o(i.entry_update) refers to main.o(i.SYS_UnlockReg) for SYS_UnlockReg
    main.o(i.entry_update) refers to fmc.o(i.FMC_Open) for FMC_Open
    main.o(i.entry_update) refers to fmc.o(i.FMC_EnableLDUpdate) for FMC_EnableLDUpdate
    main.o(i.entry_update) refers to main.o(i.FMC_Erase) for FMC_Erase
    main.o(i.entry_update) refers to fmc.o(i.FMC_DisableLDUpdate) for FMC_DisableLDUpdate
    main.o(i.entry_update) refers to sys.o(i.SYS_ResetChip) for SYS_ResetChip
    main.o(i.main) refers to main.o(i.SYS_UnlockReg) for SYS_UnlockReg
    main.o(i.main) refers to sysinit.o(i.SYS_Init) for SYS_Init
    main.o(i.main) refers to uart_printf.o(i.UART0_Init) for UART0_Init
    main.o(i.main) refers to uart_printf.o(i.UART1_Init) for UART1_Init
    main.o(i.main) refers to uart.o(i.UART_SetLine_Config) for UART_SetLine_Config
    main.o(i.main) refers to sysinit.o(i.UART_Function_Init) for UART_Function_Init
    main.o(i.main) refers to sysinit.o(i.TMR0_Init) for TMR0_Init
    main.o(i.main) refers to clk.o(i.CLK_EnableModuleClock) for CLK_EnableModuleClock
    main.o(i.main) refers to mp9960.o(i.mp9960_init) for mp9960_init
    main.o(i.main) refers to dataflash.o(i.set_data_flash_fix_4k) for set_data_flash_fix_4k
    main.o(i.main) refers to dataflash.o(i.flash_read_data_mode) for flash_read_data_mode
    main.o(i.main) refers to servo_detect.o(i.servodet_init) for servodet_init
    main.o(i.main) refers to rgb.o(i.rgb_init) for rgb_init
    main.o(i.main) refers to systime.o(i.delay) for delay
    main.o(i.main) refers to uart_printf.o(i.uart_printf) for uart_printf
    main.o(i.main) refers to protocol.o(i.parse_uart0_recv_buffer) for parse_uart0_recv_buffer
    main.o(i.main) refers to protocol.o(i.flush_uart1_forward_buffer) for flush_uart1_forward_buffer
    main.o(i.main) refers to protocol.o(i.flush_uart0_local_buffer) for flush_uart0_local_buffer
    main.o(i.main) refers to servo_detect.o(i.servodet_process) for servodet_process
    main.o(i.main) refers to servo_control.o(i.motor_process) for motor_process
    main.o(i.main) refers to rgb.o(i.rgb_process) for rgb_process
    main.o(i.main) refers to rand.o(.text) for rand
    main.o(i.main) refers to fflti.o(.text) for __aeabi_i2f
    main.o(i.main) refers to fmul.o(.text) for __aeabi_fmul
    main.o(i.main) refers to fdiv.o(.text) for __aeabi_fdiv
    main.o(i.main) refers to cfrcmple.o(.text) for __aeabi_cfrcmple
    main.o(i.main) refers to f2d.o(.text) for __aeabi_f2d
    main.o(i.main) refers to dadd.o(.text) for __aeabi_dadd
    main.o(i.main) refers to dfixi.o(.text) for __aeabi_d2iz
    main.o(i.main) refers to fadd.o(.text) for __aeabi_fadd
    main.o(i.main) refers to systime.o(i.millis) for millis
    main.o(i.main) refers to ffltui.o(.text) for __aeabi_ui2f
    main.o(i.main) refers to protocol.o(i.send_sensor_report) for send_sensor_report
    main.o(i.main) refers to protocol.o(.data) for command_mode
[...]
    i.cmd_reset_smart_servo                  0x00005a04   Section        0  protocol.o(i.cmd_reset_smart_servo)
    cmd_reset_smart_servo                    0x00005a05   Thumb Code    60  protocol.o(i.cmd_reset_smart_servo)
    i.cmd_set_command_mode                   0x00005a5c   Section        0  protocol.o(i.cmd_set_command_mode)
    cmd_set_command_mode                     0x00005a5d   Thumb Code    86  protocol.o(i.cmd_set_command_mode)
    i.cmd_set_current_angle_zero_degrees     0x00005ab8   Section        0  protocol.o(i.cmd_set_current_angle_zero_degrees)
    cmd_set_current_angle_zero_degrees       0x00005ab9   Thumb Code    28  protocol.o(i.cmd_set_current_angle_zero_degrees)
    i.cmd_set_pwm_motion                     0x00005ad4   Section        0  protocol.o(i.cmd_set_pwm_motion)
    cmd_set_pwm_motion                       0x00005ad5   Thumb Code    86  protocol.o(i.cmd_set_pwm_motion)
    i.cmd_set_rgb_led                        0x00005b30   Section        0  protocol.o(i.cmd_set_rgb_led)
    cmd_set_rgb_led                          0x00005b31   Thumb Code    98  protocol.o(i.cmd_set_rgb_led)
    i.cmd_set_servo_break                    0x00005b98   Section        0  protocol.o(i.cmd_set_servo_break)
    cmd_set_servo_break                      0x00005b99   Thumb Code    72  protocol.o(i.cmd_set_servo_break)
    i.cmd_shake_hand                         0x00005be8   Section        0  protocol.o(i.cmd_shake_hand)
    cmd_shake_hand                           0x00005be9   Thumb Code    18  protocol.o(i.cmd_shake_hand)
    i.cmd_test_response                      0x00005c00   Section        0  protocol.o(i.cmd_test_response)
    cmd_test_response                        0x00005c01   Thumb Code    60  protocol.o(i.cmd_test_response)
    i.delay                                  0x00005c40   Section        0  systime.o(i.delay)
    i.digitalWrite                           0x00005c58   Section        0  mygpio.o(i.digitalWrite)
    i.entry_update                           0x00005c68   Section        0  main.o(i.entry_update)
    i.flash_read_angle_offset                0x00005cb0   Section        0  dataflash.o(i.flash_read_angle_offset)
    i.flash_read_data_mode                   0x00005dbc   Section        0  dataflash.o(i.flash_read_data_mode)
    i.flash_write_angle_offset               0x00005eb8   Section        0  dataflash.o(i.flash_write_angle_offset)
    i.flash_write_data_mode                  0x00005f84   Section        0  dataflash.o(i.flash_write_data_mode)
    i.flush_uart0_forward_buffer             0x00006044   Section        0  protocol.o(i.flush_uart0_forward_buffer)
    i.flush_uart0_local_buffer               0x00006084   Section        0  protocol.o(i.flush_uart0_local_buffer)
    i.flush_uart1_forward_buffer             0x00006180   Section        0  protocol.o(i.flush_uart1_forward_buffer)
    i.is_pin_analog                          0x0000627c   Section        0  mygpio.o(i.is_pin_analog)
    i.main                                   0x0000629c   Section        0  main.o(i.main)
    i.map                                    0x00006478   Section        0  mygpio.o(i.map)
    i.millis                                 0x00006498   Section        0  systime.o(i.millis)
    i.motor_debug_mode                       0x000064ac   Section        0  servo_control.o(i.motor_debug_mode)
    motor_debug_mode                         0x000064ad   Thumb Code   170  servo_control.o(i.motor_debug_mode)
    i.motor_error_mode                       0x0000656c   Section        0  servo_control.o(i.motor_error_mode)
    motor_error_mode                         0x0000656d   Thumb Code   172  servo_control.o(i.motor_error_mode)
    i.motor_idle_mode                        0x00006634   Section        0  servo_control.o(i.motor_idle_mode)
    motor_idle_mode                          0x00006635   Thumb Code    44  servo_control.o(i.motor_idle_mode)
    i.motor_pos_mode                         0x00006670   Section        0  servo_control.o(i.motor_pos_mode)
    motor_pos_mode                           0x00006671   Thumb Code   872  servo_control.o(i.motor_pos_mode)
    i.motor_process                          0x000069f8   Section        0  servo_control.o(i.motor_process)
    i.motor_pwm_mode                         0x00006a80   Section        0  servo_control.o(i.motor_pwm_mode)
    motor_pwm_mode                           0x00006a81   Thumb Code   170  servo_control.o(i.motor_pwm_mode)
    i.motor_speed_mode                       0x00006b40   Section        0  servo_control.o(i.motor_speed_mode)
    motor_speed_mode                         0x00006b41   Thumb Code   306  servo_control.o(i.motor_speed_mode)
    i.motor_torque_mode                      0x00006c88   Section        0  servo_control.o(i.motor_torque_mode)
    motor_torque_mode                        0x00006c89   Thumb Code   932  servo_control.o(i.motor_torque_mode)
    i.mp9960_init                            0x00007050   Section        0  mp9960.o(i.mp9960_init)
    i.mp9960_read_raw_angle                  0x00007078   Section        0  mp9960.o(i.mp9960_read_raw_angle)
    i.parse_gcommand                         0x000070c4   Section        0  protocol.o(i.parse_gcommand)
    i.parse_mcode                            0x00007168   Section        0  protocol.o(i.parse_mcode)
    parse_mcode                              0x00007169   Thumb Code   240  protocol.o(i.parse_mcode)
    i.parse_uart0_recv_buffer                0x00007258   Section        0  protocol.o(i.parse_uart0_recv_buffer)
    i.pinMode                                0x00007440   Section        0  mygpio.o(i.pinMode)
    i.pow                                    0x000074b4   Section        0  pow.o(i.pow)
    i.processSysexMessage                    0x00007eb0   Section        0  protocol.o(i.processSysexMessage)
    i.process_general_cmd_response           0x00007f9c   Section        0  protocol.o(i.process_general_cmd_response)
    process_general_cmd_response             0x00007f9d   Thumb Code    34  protocol.o(i.process_general_cmd_response)
    i.pwm_init                               0x00007fc4   Section        0  mepwm.o(i.pwm_init)
    i.pwm_write                              0x000083e8   Section        0  mepwm.o(i.pwm_write)
    i.pwm_writeMicroseconds                  0x00008438   Section        0  mepwm.o(i.pwm_writeMicroseconds)
    i.readLong                               0x000084e8   Section        0  protocol.o(i.readLong)
    i.readShort                              0x00008558   Section        0  protocol.o(i.readShort)
    i.readbyte                               0x000085a0   Section        0  protocol.o(i.readbyte)
    i.rgb_init                               0x000085c8   Section        0  rgb.o(i.rgb_init)
    i.rgb_process                            0x0000860c   Section        0  rgb.o(i.rgb_process)
    i.sendFloat                              0x000086e4   Section        0  protocol.o(i.sendFloat)
    i.sendLong                               0x0000878c   Section        0  protocol.o(i.sendLong)
    i.sendShort                              0x00008834   Section        0  protocol.o(i.sendShort)
    i.send_sensor_report                     0x000088a4   Section        0  protocol.o(i.send_sensor_report)
    i.send_smart_angle                       0x00008b4c   Section        0  protocol.o(i.send_smart_angle)
    send_smart_angle                         0x00008b4d   Thumb Code    66  protocol.o(i.send_smart_angle)
    i.send_smart_current                     0x00008b94   Section        0  protocol.o(i.send_smart_current)
    send_smart_current                       0x00008b95   Thumb Code    66  protocol.o(i.send_smart_current)
    i.send_smart_pos                         0x00008bdc   Section        0  protocol.o(i.send_smart_pos)
    send_smart_pos                           0x00008bdd   Thumb Code    68  protocol.o(i.send_smart_pos)
    i.send_smart_speed                       0x00008c24   Section        0  protocol.o(i.send_smart_speed)
    send_smart_speed                         0x00008c25   Thumb Code    68  protocol.o(i.send_smart_speed)
    i.send_smart_temp                        0x00008c6c   Section        0  protocol.o(i.send_smart_temp)
    send_smart_temp                          0x00008c6d   Thumb Code    66  protocol.o(i.send_smart_temp)
    i.send_smart_voltage                     0x00008cb4   Section        0  protocol.o(i.send_smart_voltage)
    send_smart_voltage                       0x00008cb5   Thumb Code    66  protocol.o(i.send_smart_voltage)
    i.send_string                            0x00008cfc   Section        0  uart_printf.o(i.send_string)
    i.send_uart0_string                      0x00008d20   Section        0  protocol.o(i.send_uart0_string)
    i.servodet_init                          0x00008d38   Section        0  servo_detect.o(i.servodet_init)
    i.servodet_limitcurrent_handle           0x00008d68   Section        0  servo_detect.o(i.servodet_limitcurrent_handle)
    servodet_limitcurrent_handle             0x00008d69   Thumb Code   180  servo_detect.o(i.servodet_limitcurrent_handle)
    i.servodet_overcurrent_handle            0x00008e40   Section        0  servo_detect.o(i.servodet_overcurrent_handle)
    servodet_overcurrent_handle              0x00008e41   Thumb Code   204  servo_detect.o(i.servodet_overcurrent_handle)
    i.servodet_pos_handle                    0x00008f2c   Section        0  servo_detect.o(i.servodet_pos_handle)
    servodet_pos_handle                      0x00008f2d   Thumb Code   156  servo_detect.o(i.servodet_pos_handle)
    i.servodet_process                       0x00008fd4   Section        0  servo_detect.o(i.servodet_process)
    i.servodet_set_angle_zero                0x00009054   Section        0  servo_detect.o(i.servodet_set_angle_zero)
    i.servodet_speed_handle                  0x00009088   Section        0  servo_detect.o(i.servodet_speed_handle)
    servodet_speed_handle                    0x00009089   Thumb Code   156  servo_detect.o(i.servodet_speed_handle)
    i.servodet_stall_handle                  0x00009140   Section        0  servo_detect.o(i.servodet_stall_handle)
    servodet_stall_handle                    0x00009141   Thumb Code   272  servo_detect.o(i.servodet_stall_handle)
    i.servodet_temperature_handle            0x00009260   Section        0  servo_detect.o(i.servodet_temperature_handle)
    servodet_temperature_handle              0x00009261   Thumb Code   480  servo_detect.o(i.servodet_temperature_handle)
    i.servodet_voltage_handle                0x000094c4   Section        0  servo_detect.o(i.servodet_voltage_handle)
    servodet_voltage_handle                  0x000094c5   Thumb Code   138  servo_detect.o(i.servodet_voltage_handle)
    i.servodriver_init                       0x00009564   Section        0  servo_driver.o(i.servodriver_init)
    i.servodriver_limitcurrent               0x000095bc   Section        0  servo_driver.o(i.servodriver_limitcurrent)
    i.servodriver_run_abs_pos                0x00009610   Section        0  servo_driver.o(i.servodriver_run_abs_pos)
    i.servodriver_run_debug                  0x000096b0   Section        0  servo_driver.o(i.servodriver_run_debug)
    i.servodriver_run_idle                   0x00009714   Section        0  servo_driver.o(i.servodriver_run_idle)
    i.servodriver_run_pwm                    0x00009734   Section        0  servo_driver.o(i.servodriver_run_pwm)
    i.servodriver_run_relative_pos           0x00009774   Section        0  servo_driver.o(i.servodriver_run_relative_pos)
    i.servodriver_set_pwm                    0x00009818   Section        0  servo_driver.o(i.servodriver_set_pwm)
    i.set_baud_rate                          0x000098b0   Section        0  protocol.o(i.set_baud_rate)
    set_baud_rate                            0x000098b1   Thumb Code   104  protocol.o(i.set_baud_rate)
    i.set_data_flash_fix_4k                  0x00009924   Section        0  dataflash.o(i.set_data_flash_fix_4k)
    i.set_rgb                                0x00009974   Section        0  rgb.o(i.set_rgb)
    i.shake_hand_response                    0x000099a8   Section        0  protocol.o(i.shake_hand_response)
    shake_hand_response                      0x000099a9   Thumb Code    18  protocol.o(i.shake_hand_response)
    i.smart_servo_cmd_process                0x000099c0   Section        0  protocol.o(i.smart_servo_cmd_process)
    smart_servo_cmd_process                  0x000099c1   Thumb Code  1272  protocol.o(i.smart_servo_cmd_process)
    i.spi_flash_erase_sector                 0x00009edc   Section        0  dataflash.o(i.spi_flash_erase_sector)
    i.spi_flash_read                         0x00009f20   Section        0  dataflash.o(i.spi_flash_read)
    i.spi_flash_write                        0x00009fe4   Section        0  dataflash.o(i.spi_flash_write)
    i.sqrt                                   0x0000a0d8   Section        0  sqrt.o(i.sqrt)
    i.system_reset_response                  0x0000a120   Section        0  protocol.o(i.system_reset_response)
    system_reset_response                    0x0000a121   Thumb Code    70  protocol.o(i.system_reset_response)
    i.system_version_response                0x0000a18c   Section        0  protocol.o(i.system_version_response)
    system_version_response                  0x0000a18d   Thumb Code   116  protocol.o(i.system_version_response)
    i.uart0_printf                           0x0000a208   Section        0  protocol.o(i.uart0_printf)
    i.uart_printf                            0x0000a22e   Section        0  uart_printf.o(i.uart_printf)
    i.us100                                  0x0000a25c   Section        0  systime.o(i.us100)
    i.write_angle_offset_to_flash            0x0000a268   Section        0  dataflash.o(i.write_angle_offset_to_flash)
    i.write_byte_uart0                       0x0000a330   Section        0  protocol.o(i.write_byte_uart0)
    i.write_byte_uart1                       0x0000a388   Section        0  protocol.o(i.write_byte_uart1)
    i.write_cmd_mode_to_flash                0x0000a3a4   Section        0  dataflash.o(i.write_cmd_mode_to_flash)
    .constdata                               0x0000a450   Section       32  system_m051series.o(.constdata)
    .constdata                               0x0000a470   Section      108  protocol.o(.constdata)
    .constdata                               0x0000a4dc   Section       48  uart.o(.constdata)
    .constdata                               0x0000a50c   Section       32  timer.o(.constdata)
    .constdata                               0x0000a530   Section      136  pow.o(.constdata)
    bp                                       0x0000a530   Data          16  pow.o(.constdata)
    dp_h                                     0x0000a540   Data          16  pow.o(.constdata)
    dp_l                                     0x0000a550   Data          16  pow.o(.constdata)
    L                                        0x0000a560   Data          48  pow.o(.constdata)
    P                                        0x0000a590   Data          40  pow.o(.constdata)
    .constdata                               0x0000a5b8   Section        8  qnan.o(.constdata)
    .constdata                               0x0000a5c0   Section      129  ctype_o.o(.constdata)
    .constdata                               0x0000a644   Section        4  ctype_o.o(.constdata)
    table                                    0x0000a644   Data           4  ctype_o.o(.constdata)
    .data                                    0x20000000   Section       12  system_m051series.o(.data)
    .data                                    0x2000000c   Section       12  main.o(.data)
    .data                                    0x20000018   Section       32  mepwm.o(.data)
    .data                                    0x20000038   Section      124  protocol.o(.data)
    uart1_ready_forward_bytes_count          0x2000008c   Data           2  protocol.o(.data)
    .data                                    0x200000b4   Section       16  interrupt.o(.data)
    timer5ms_count                           0x200000bc   Data           4  interrupt.o(.data)
    timer2ms_count                           0x200000c0   Data           4  interrupt.o(.data)
    .data                                    0x200000c4   Section        3  rgb.o(.data)
    flicker_cnt                              0x200000c4   Data           1  rgb.o(.data)
    count                                    0x200000c5   Data           1  rgb.o(.data)
    count                                    0x200000c6   Data           1  rgb.o(.data)
    .data                                    0x200000c8   Section       33  servo_control.o(.data)
    s_bMotionStatusChanged                   0x200000cc   Data           1  servo_control.o(.data)
    step_len                                 0x200000d0   Data           4  servo_control.o(.data)
    pre_tar_pos                              0x200000d4   Data           4  servo_control.o(.data)
    break_speed                              0x200000d8   Data           4  servo_control.o(.data)
    pre_tar_pos                              0x200000dc   Data           4  servo_control.o(.data)
    step_len                                 0x200000e0   Data           4  servo_control.o(.data)
    step_len                                 0x200000e4   Data           4  servo_control.o(.data)
    pre_state                                0x200000e8   Data           1  servo_control.o(.data)
    .data                                    0x200000ec   Section       54  servo_detect.o(.data)
    first_run                                0x200000ec   Data           1  servo_detect.o(.data)
    pre_pos                                  0x200000f0   Data           4  servo_detect.o(.data)
    pre_time                                 0x200000f4   Data           4  servo_detect.o(.data)
    pre_pos                                  0x200000f8   Data           4  servo_detect.o(.data)
    index                                    0x200000fc   Data           1  servo_detect.o(.data)
    sum                                      0x20000100   Data           4  servo_detect.o(.data)
    value                                    0x20000104   Data           4  servo_detect.o(.data)
    first_run                                0x20000108   Data           1  servo_detect.o(.data)
    value                                    0x2000010c   Data           4  servo_detect.o(.data)
    over_count                               0x20000110   Data           2  servo_detect.o(.data)
    index                                    0x20000112   Data           1  servo_detect.o(.data)
    sum                                      0x20000114   Data           4  servo_detect.o(.data)
    error_count                              0x20000118   Data           2  servo_detect.o(.data)
    stall_count                              0x2000011a   Data           2  servo_detect.o(.data)
    pre_pos                                  0x2000011c   Data           4  servo_detect.o(.data)
    timecount                                0x20000120   Data           1  servo_detect.o(.data)
    state                                    0x20000121   Data           1  servo_detect.o(.data)
    .data                                    0x20000124   Section       12  servo_driver.o(.data)
    s_driver_pwm                             0x20000124   Data           2  servo_driver.o(.data)
    limitcurrent_offset                      0x2000012c   Data           4  servo_driver.o(.data)
    .data                                    0x20000130   Section       16  usart_fun.o(.data)
    UsartFrameParam                          0x20000130   Data           6  usart_fun.o(.data)
    bugflag                                  0x2000013a   Data           1  usart_fun.o(.data)
    count                                    0x2000013c   Data           4  usart_fun.o(.data)
    .data                                    0x20000140   Section        4  rand.o(.data)
    _rand_state                              0x20000140   Data           4  rand.o(.data)
    .data                                    0x20000144   Section        4  strtok_r.o(.data)
    state                                    0x20000144   Data           4  strtok_r.o(.data)
    .data                                    0x20000148   Section        4  errno.o(.data)
    _errno                                   0x20000148   Data           4  errno.o(.data)
    .bss                                     0x2000014c   Section       64  mepwm.o(.bss)
    s_max_cnt                                0x2000016c   Data          32  mepwm.o(.bss)
    .bss                                     0x2000018c   Section      896  protocol.o(.bss)
    .bss                                     0x2000050c   Section       24  dataflash.o(.bss)
    .bss                                     0x20000524   Section       96  servo_control.o(.bss)
    .bss                                     0x20000584   Section      132  servo_detect.o(.bss)
    tempvalue                                0x200005c8   Data          32  servo_detect.o(.bss)
    tempvalue                                0x200005e8   Data          32  servo_detect.o(.bss)
    .bss                                     0x20000608   Section      100  usart_fun.o(.bss)
    STACK                                    0x20000670   Section     2048  startup_m051series.o(STACK)

    Global Symbols

    Symbol Name                              Value     Ov Type        Size  Object(Section)

    BuildAttributes$$THM_ISAv3M$S$PE$A:L22$X:L11$S22$IEEE1$IW$USESV6$~STKCKD$USESV7$~SHL$OTIME$ROPI$IEEEX$EBA8$MICROLIB$REQ8$PRES8$EABIv2 0x00000000   Number         0  anon$$obj.o ABSOLUTE
    __ARM_use_no_argv                        0x00000000   Number         0  main.o ABSOLUTE
    _printf_a                                0x00000000   Number         0  stubs.o ABSOLUTE
    _printf_c                                0x00000000   Number         0  stubs.o ABSOLUTE
    _printf_charcount                        0x00000000   Number         0  stubs.o ABSOLUTE
    _printf_d                                0x00000000   Number         0  stubs.o ABSOLUTE
    _printf_e                                0x00000000   Number         0  stubs.o ABSOLUTE
    _printf_f                                0x00000000   Number         0  stubs.o ABSOLUTE
    _printf_flags                            0x00000000   Number         0  stubs.o ABSOLUTE
    _printf_fp_dec                           0x00000000   Number         0  stubs.o ABSOLUTE
    _printf_fp_hex                           0x00000000   Number         0  stubs.o ABSOLUTE
    _printf_g                                0x00000000   Number         0  stubs.o ABSOLUTE
    _printf_i                                0x00000000   Number         0  stubs.o ABSOLUTE
    _printf_int_dec                          0x00000000   Number         0  stubs.o ABSOLUTE
    _printf_l                                0x00000000   Number         0  stubs.o ABSOLUTE
    _printf_lc                               0x00000000   Number         0  stubs.o ABSOLUTE
    _printf_ll                               0x00000000   Number         0  stubs.o ABSOLUTE
    _printf_lld                              0x00000000   Number         0  stubs.o ABSOLUTE
    _printf_lli                              0x00000000   Number         0  stubs.o ABSOLUTE
    _printf_llo                              0x00000000   Number         0  stubs.o ABSOLUTE
    _printf_llu                              0x00000000   Number         0  stubs.o ABSOLUTE
    _printf_llx                              0x00000000   Number         0  stubs.o ABSOLUTE
    _printf_longlong_dec                     0x00000000   Number         0  stubs.o ABSOLUTE
    _printf_longlong_hex                     0x00000000   Number         0  stubs.o ABSOLUTE
    _printf_longlong_oct                     0x00000000   Number         0  stubs.o ABSOLUTE
    _printf_ls                               0x00000000   Number         0  stubs.o ABSOLUTE
    _printf_mbtowc                           0x00000000   Number         0  stubs.o ABSOLUTE
    _printf_n                                0x00000000   Number         0  stubs.o ABSOLUTE
    _printf_o                                0x00000000   Number         0  stubs.o ABSOLUTE
    _printf_p                                0x00000000   Number         0  stubs.o ABSOLUTE
    _printf_percent                          0x00000000   Number         0  stubs.o ABSOLUTE
    _printf_pre_padding                      0x00000000   Number         0  stubs.o ABSOLUTE
    _printf_return_value                     0x00000000   Number         0  stubs.o ABSOLUTE
    _printf_s                                0x00000000   Number         0  stubs.o ABSOLUTE
    _printf_sizespec                         0x00000000   Number         0  stubs.o ABSOLUTE
    _printf_str                              0x00000000   Number         0  stubs.o ABSOLUTE
    _printf_truncate_signed                  0x00000000   Number         0  stubs.o ABSOLUTE
    _printf_truncate_unsigned                0x00000000   Number         0  stubs.o ABSOLUTE
    _printf_u                                0x00000000   Number         0  stubs.o ABSOLUTE
    _printf_wc                               0x00000000   Number         0  stubs.o ABSOLUTE
    _printf_wctomb                           0x00000000   Number         0  stubs.o ABSOLUTE
    _printf_widthprec                        0x00000000   Number         0  stubs.o ABSOLUTE
    _printf_x                                0x00000000   Number         0  stubs.o ABSOLUTE
    __cpp_initialize__aeabi_                  - Undefined Weak Reference
    __cxa_finalize                            - Undefined Weak Reference
    _clock_init                               - Undefined Weak Reference
    _microlib_exit                            - Undefined Weak Reference
    __Vectors                                0x00002000   Data           4  startup_m051series.o(RESET)
    __main                                   0x000020c1   Thumb Code     0  entry.o(.ARM.Collect$$$$00000000)
    _main_stk                                0x000020c1   Thumb Code     0  entry2.o(.ARM.Collect$$$$00000001)
    _main_scatterload                        0x000020c5   Thumb Code     0  entry5.o(.ARM.Collect$$$$00000004)
    __main_after_scatterload                 0x000020c9   Thumb Code     0  entry5.o(.ARM.Collect$$$$00000004)
    _main_clock                              0x000020c9   Thumb Code     0  entry7b.o(.ARM.Collect$$$$00000008)
    _main_cpp_init                           0x000020c9   Thumb Code     0  entry8b.o(.ARM.Collect$$$$0000000A)
    _main_init                               0x000020c9   Thumb Code     0  entry9a.o(.ARM.Collect$$$$0000000B)
    __rt_final_cpp                           0x000020d1   Thumb Code     0  entry10a.o(.ARM.Collect$$$$0000000D)
    __rt_final_exit                          0x000020d1   Thumb Code     0  entry11a.o(.ARM.Collect$$$$0000000F)
    Reset_Handler                            0x000020d5   Thumb Code    38  startup_m051series.o(.text)
    NMI_Handler                              0x000020fb   Thumb Code     2  startup_m051series.o(.text)
    HardFault_Handler                        0x000020fd   Thumb Code     2  startup_m051series.o(.text)
    SVC_Handler                              0x000020ff   Thumb Code     2  startup_m051series.o(.text)
    PendSV_Handler                           0x00002101   Thumb Code     2  startup_m051series.o(.text)
    SysTick_Handler                          0x00002103   Thumb Code     2  startup_m051series.o(.text)
    ADC_IRQHandler                           0x00002105   Thumb Code     0  startup_m051series.o(.text)
    BOD_IRQHandler                           0x00002105   Thumb Code     0  startup_m051series.o(.text)
    EINT0_IRQHandler                         0x00002105   Thumb Code     0  startup_m051series.o(.text)
    EINT1_IRQHandler                         0x00002105   Thumb Code     0  startup_m051series.o(.text)
    GPIOP0P1_IRQHandler                      0x00002105   Thumb Code     0  startup_m051series.o(.text)
    PWMA_IRQHandler                          0x00002105   Thumb Code     0  startup_m051series.o(.text)
    PWMB_IRQHandler                          0x00002105   Thumb Code     0  startup_m051series.o(.text)
    PWRWU_IRQHandler                         0x00002105   Thumb Code     0  startup_m051series.o(.text)
    SPI0_IRQHandler                          0x00002105   Thumb Code     0  startup_m051series.o(.text)
    SPI1_IRQHandler                          0x00002105   Thumb Code     0  startup_m051series.o(.text)
    SPI2_IRQHandler                          0x00002105   Thumb Code     0  startup_m051series.o(.text)
    SPI3_IRQHandler                          0x00002105   Thumb Code     0  startup_m051series.o(.text)
    TMR1_IRQHandler                          0x00002105   Thumb Code     0  startup_m051series.o(.text)
    TMR2_IRQHandler                          0x00002105   Thumb Code     0  startup_m051series.o(.text)
    TMR3_IRQHandler                          0x00002105   Thumb Code     0  startup_m051series.o(.text)
    WDT_IRQHandler                           0x00002105   Thumb Code     0  startup_m051series.o(.text)
    __aeabi_uidiv                            0x00002131   Thumb Code     0  uidiv.o(.text)
    __aeabi_uidivmod                         0x00002131   Thumb Code    44  uidiv.o(.text)
    __aeabi_idiv                             0x0000215d   Thumb Code     0  idiv.o(.text)
    __aeabi_idivmod                          0x0000215d   Thumb Code    40  idiv.o(.text)
    rand                                     0x00002185   Thumb Code    18  rand.o(.text)
    srand                                    0x00002197   Thumb Code     6  rand.o(.text)
    __aeabi_memcpy                           0x000021a9   Thumb Code    36  memcpya.o(.text)
    __aeabi_memcpy4                          0x000021a9   Thumb Code     0  memcpya.o(.text)
    __aeabi_memcpy8                          0x000021a9   Thumb Code     0  memcpya.o(.text)
    __aeabi_memset                           0x000021cd   Thumb Code    14  memseta.o(.text)
    __aeabi_memset4                          0x000021cd   Thumb Code     0  memseta.o(.text)
    __aeabi_memset8                          0x000021cd   Thumb Code     0  memseta.o(.text)
    __aeabi_memclr                           0x000021db   Thumb Code     4  memseta.o(.text)
    __aeabi_memclr4                          0x000021db   Thumb Code     0  memseta.o(.text)
    __aeabi_memclr8                          0x000021db   Thumb Code     0  memseta.o(.text)
    _memset$wrapper                          0x000021df   Thumb Code    18  memseta.o(.text)
    strtok_r                                 0x000021f1   Thumb Code    66  strtok_r.o(.text)
    _strtok$wrapper                          0x00002233   Thumb Code     4  strtok_r.o(.text)
    strcspn                                  0x0000223d   Thumb Code    34  strcspn.o(.text)
    atoi                                     0x0000225f   Thumb Code    26  atoi.o(.text)
    atol                                     0x00002279   Thumb Code    26  atol.o(.text)
    __aeabi_fadd                             0x00002293   Thumb Code   162  fadd.o(.text)
    __aeabi_fsub                             0x00002335   Thumb Code     8  fadd.o(.text)
    __aeabi_frsub                            0x0000233d   Thumb Code     8  fadd.o(.text)
    __aeabi_fmul                             0x00002345   Thumb Code   122  fmul.o(.text)
    __aeabi_fdiv                             0x000023bf   Thumb Code   124  fdiv.o(.text)
    __aeabi_dadd                             0x0000243d   Thumb Code   328  dadd.o(.text)
    __aeabi_dsub                             0x00002585   Thumb Code    12  dadd.o(.text)
    __aeabi_drsub                            0x00002591   Thumb Code    12  dadd.o(.text)
    __aeabi_dmul                             0x000025a1   Thumb Code   202  dmul.o(.text)
    __aeabi_ddiv                             0x00002671   Thumb Code   234  ddiv.o(.text)
    __aeabi_i2f                              0x00002761   Thumb Code    22  fflti.o(.text)
    __aeabi_ui2f                             0x00002777   Thumb Code    14  ffltui.o(.text)
    __aeabi_i2d                              0x00002785   Thumb Code    34  dflti.o(.text)
    __aeabi_ui2d                             0x000027ad   Thumb Code    24  dfltui.o(.text)
    __aeabi_f2iz                             0x000027c9   Thumb Code    50  ffixi.o(.text)
    __aeabi_f2uiz                            0x000027fb   Thumb Code    40  ffixui.o(.text)
    __aeabi_d2iz                             0x00002825   Thumb Code    62  dfixi.o(.text)
    __aeabi_d2uiz                            0x0000286d   Thumb Code    50  dfixui.o(.text)
    __aeabi_f2d                              0x000028a9   Thumb Code    40  f2d.o(.text)
    __aeabi_cdrcmple                         0x000028d1   Thumb Code    38  cdrcmple.o(.text)
    __aeabi_d2f                              0x000028f9   Thumb Code    56  d2f.o(.text)
    __aeabi_cfcmpeq                          0x00002931   Thumb Code     0  cfcmple.o(.text)
    __aeabi_cfcmple                          0x00002931   Thumb Code    20  cfcmple.o(.text)
    __aeabi_cfrcmple                         0x00002945   Thumb Code    20  cfrcmple.o(.text)
    __aeabi_uldivmod                         0x00002959   Thumb Code    96  uldiv.o(.text)
    __aeabi_llsl                             0x000029b9   Thumb Code    32  llshl.o(.text)
    _ll_shift_l                              0x000029b9   Thumb Code     0  llshl.o(.text)
    __aeabi_llsr                             0x000029d9   Thumb Code    34  llushr.o(.text)
    _ll_ushift_r                             0x000029d9   Thumb Code     0  llushr.o(.text)
    __aeabi_lasr                             0x000029fb   Thumb Code    38  llsshr.o(.text)
    _ll_sshift_r                             0x000029fb   Thumb Code     0  llsshr.o(.text)
    __strtod_int                             0x00002a57   Thumb Code    92  strtod.o(.text)
    strtol                                   0x00002ac5   Thumb Code   108  strtol.o(.text)
    __I$use$fp                               0x00002b35   Thumb Code     0  iusefp.o(.text)
    _float_round                             0x00002b35   Thumb Code    16  fepilogue.o(.text)
    _float_epilogue                          0x00002b45   Thumb Code   114  fepilogue.o(.text)
    _double_round                            0x00002bb7   Thumb Code    26  depilogue.o(.text)
    _double_epilogue                         0x00002bd1   Thumb Code   164  depilogue.o(.text)
    __ARM_scalbn                             0x00002c75   Thumb Code    44  dscalb.o(.text)
    scalbn                                   0x00002c75   Thumb Code     0  dscalb.o(.text)
    __aeabi_d2ulz                            0x00002ca1   Thumb Code    54  dfixul.o(.text)
    __scatterload                            0x00002ce1   Thumb Code    28  init.o(.text)
    __scatterload_rt2                        0x00002ce1   Thumb Code     0  init.o(.text)
    __rt_ctype_table                         0x00002d05   Thumb Code     4  ctype_o.o(.text)
    isspace                                  0x00002d0d   Thumb Code    18  isspace_o.o(.text)
    _scanf_real                              0x00002e17   Thumb Code     0  scanf_fp.o(.text)
    _scanf_really_real                       0x00002e17   Thumb Code   586  scanf_fp.o(.text)
    _sgetc                                   0x0000306d   Thumb Code    32  _sgetc.o(.text)
    _sbackspace                              0x0000308d   Thumb Code    36  _sgetc.o(.text)
    _strtoul                                 0x000030b1   Thumb Code   166  _strtoul.o(.text)
    _dsqrt                                   0x00003157   Thumb Code   162  dsqrt.o(.text)
    __aeabi_lmul                             0x000031f9   Thumb Code   122  llmul.o(.text)
    _ll_mul                                  0x000031f9   Thumb Code     0  llmul.o(.text)
    _chval                                   0x00003273   Thumb Code    30  _chval.o(.text)
    __aeabi_ul2d                             0x00003291   Thumb Code    22  dfltul.o(.text)
    __decompress                             0x000032ad   Thumb Code     0  __dczerorl2.o(.text)
    __decompress1                            0x000032ad   Thumb Code    86  __dczerorl2.o(.text)
    CLK_EnableModuleClock                    0x00003305   Thumb Code    32  clk.o(i.CLK_EnableModuleClock)
    CLK_EnablePLL                            0x00003329   Thumb Code   258  clk.o(i.CLK_EnablePLL)
    CLK_EnableXtalRC                         0x00003451   Thumb Code    12  clk.o(i.CLK_EnableXtalRC)
    CLK_GetHCLKFreq                          0x00003461   Thumb Code    12  clk.o(i.CLK_GetHCLKFreq)
    CLK_SetCoreClock                         0x00003671   Thumb Code    70  clk.o(i.CLK_SetCoreClock)
    CLK_SetHCLK                              0x000036c5   Thumb Code    38  clk.o(i.CLK_SetHCLK)
    CLK_SetModuleClock                       0x000036f1   Thumb Code    94  clk.o(i.CLK_SetModuleClock)
    CLK_WaitClockReady                       0x00003755   Thumb Code    32  clk.o(i.CLK_WaitClockReady)
    COMSendBuffer                            0x0000377d   Thumb Code    94  usart_fun.o(i.COMSendBuffer)
    FMC_Close                                0x000037e9   Thumb Code    14  fmc.o(i.FMC_Close)
    FMC_DisableLDUpdate                      0x000037fd   Thumb Code    14  fmc.o(i.FMC_DisableLDUpdate)
    FMC_EnableConfigUpdate                   0x00003811   Thumb Code    14  fmc.o(i.FMC_EnableConfigUpdate)
    FMC_EnableLDUpdate                       0x00003825   Thumb Code    14  fmc.o(i.FMC_EnableLDUpdate)
    FMC_Open                                 0x000038b9   Thumb Code    14  fmc.o(i.FMC_Open)
    FMC_ReadConfig                           0x000038f5   Thumb Code    36  fmc.o(i.FMC_ReadConfig)
    FMC_WriteConfig                          0x00003919   Thumb Code    96  fmc.o(i.FMC_WriteConfig)
    GPIOP2P3P4_IRQHandler                    0x0000397d   Thumb Code    54  interrupt.o(i.GPIOP2P3P4_IRQHandler)
    GPIO_SetMode                             0x000039b9   Thumb Code    46  gpio.o(i.GPIO_SetMode)
    I2C_ClearTimeoutFlag                     0x000039e7   Thumb Code    10  i2c.o(i.I2C_ClearTimeoutFlag)
    I2C_GetStatus                            0x000039f1   Thumb Code     6  i2c.o(i.I2C_GetStatus)
    I2C_IRQHandler                           0x000039f9   Thumb Code    54  interrupt.o(i.I2C_IRQHandler)
    Pin2Addr                                 0x00003a4d   Thumb Code    26  mygpio.o(i.Pin2Addr)
    SPI_EnableAutoSS                         0x00003a6d   Thumb Code    22  spi.o(i.SPI_EnableAutoSS)
    SPI_Open                                 0x00003a85   Thumb Code   486  spi.o(i.SPI_Open)
    SYS_Init                                 0x00003c79   Thumb Code   234  sysinit.o(i.SYS_Init)
    SYS_ResetChip                            0x00003d85   Thumb Code    18  sys.o(i.SYS_ResetChip)
    SYS_ResetModule                          0x00003d97   Thumb Code    48  sys.o(i.SYS_ResetModule)
    SendErrorUart0                           0x00003e09   Thumb Code    80  protocol.o(i.SendErrorUart0)
    SystemCoreClockUpdate                    0x00003e71   Thumb Code    76  system_m051series.o(i.SystemCoreClockUpdate)
    SystemInit                               0x00003ed5   Thumb Code     2  system_m051series.o(i.SystemInit)
    TIMER_GetModuleClock                     0x00003ed9   Thumb Code   110  timer.o(i.TIMER_GetModuleClock)
    TIMER_Open                               0x00003f5d   Thumb Code   118  timer.o(i.TIMER_Open)
    TMR0_IRQHandler                          0x00003fd5   Thumb Code    88  interrupt.o(i.TMR0_IRQHandler)
    TMR0_Init                                0x00004045   Thumb Code    58  sysinit.o(i.TMR0_Init)
    UART0_IRQHandler                         0x00004085   Thumb Code     8  interrupt.o(i.UART0_IRQHandler)
    UART0_Init                               0x0000408d   Thumb Code    20  uart_printf.o(i.UART0_Init)
    UART1_IRQHandler                         0x000040a9   Thumb Code     8  interrupt.o(i.UART1_IRQHandler)
    UART1_Init                               0x000040b1   Thumb Code    20  uart_printf.o(i.UART1_Init)
    UART_Function_Init                       0x000040cd   Thumb Code    40  sysinit.o(i.UART_Function_Init)
    UART_Open                                0x000040fd   Thumb Code   166  uart.o(i.UART_Open)
    UART_SetLine_Config                      0x000041b5   Thumb Code   170  uart.o(i.UART_SetLine_Config)
    USART_RecFrame                           0x0000426d   Thumb Code   236  usart_fun.o(i.USART_RecFrame)
    USART_RecvPackage                        0x00004361   Thumb Code    70  usart_fun.o(i.USART_RecvPackage)
    USART_SendFrame                          0x000043b5   Thumb Code   164  usart_fun.o(i.USART_SendFrame)
    USART_SendPackage                        0x00004459   Thumb Code    88  usart_fun.o(i.USART_SendPackage)
    __0vsprintf                              0x000045d5   Thumb Code    30  printfa.o(i.__0vsprintf)
    __1vsprintf                              0x000045d5   Thumb Code     0  printfa.o(i.__0vsprintf)
    __2vsprintf                              0x000045d5   Thumb Code     0  printfa.o(i.__0vsprintf)
    __c89vsprintf                            0x000045d5   Thumb Code     0  printfa.o(i.__0vsprintf)
    vsprintf                                 0x000045d5   Thumb Code     0  printfa.o(i.__0vsprintf)
    __ARM_clz                                0x000045f9   Thumb Code    46  depilogue.o(i.__ARM_clz)
    __ARM_common_switch8                     0x00004627   Thumb Code    28  mygpio.o(i.__ARM_common_switch8)
    __ARM_fpclassify                         0x00004645   Thumb Code    40  fpclassify.o(i.__ARM_fpclassify)
    __aeabi_errno_addr                       0x00004671   Thumb Code     4  errno.o(i.__aeabi_errno_addr)
    __rt_errno_addr                          0x00004671   Thumb Code     0  errno.o(i.__aeabi_errno_addr)
    __kernel_poly                            0x00004679   Thumb Code   172  poly.o(i.__kernel_poly)
    __mathlib_dbl_divzero                    0x00004725   Thumb Code    16  dunder.o(i.__mathlib_dbl_divzero)
    __mathlib_dbl_infnan2                    0x00004739   Thumb Code     8  dunder.o(i.__mathlib_dbl_infnan2)
    __mathlib_dbl_invalid                    0x00004741   Thumb Code    16  dunder.o(i.__mathlib_dbl_invalid)
    __mathlib_dbl_overflow                   0x00004751   Thumb Code    16  dunder.o(i.__mathlib_dbl_overflow)
    __mathlib_dbl_underflow                  0x00004765   Thumb Code    14  dunder.o(i.__mathlib_dbl_underflow)
    __read_errno                             0x00004779   Thumb Code     6  errno.o(i.__read_errno)
    __scatterload_copy                       0x00004785   Thumb Code    14  handlers.o(i.__scatterload_copy)
    __scatterload_null                       0x00004793   Thumb Code     2  handlers.o(i.__scatterload_null)
    __scatterload_zeroinit                   0x00004795   Thumb Code    14  handlers.o(i.__scatterload_zeroinit)
    __set_errno                              0x000047a5   Thumb Code     6  errno.o(i.__set_errno)
    _is_digit                                0x00004909   Thumb Code    14  scanf_fp.o(i._is_digit)
    analogRead                               0x0000505d   Thumb Code   304  mygpio.o(i.analogRead)
    atof                                     0x000052c9   Thumb Code    42  atof.o(i.atof)
    delay                                    0x00005c41   Thumb Code    24  systime.o(i.delay)
    digitalWrite                             0x00005c59   Thumb Code    16  mygpio.o(i.digitalWrite)
    entry_update                             0x00005c69   Thumb Code    62  main.o(i.entry_update)
    flash_read_angle_offset                  0x00005cb1   Thumb Code   262  dataflash.o(i.flash_read_angle_offset)
    flash_read_data_mode                     0x00005dbd   Thumb Code   248  dataflash.o(i.flash_read_data_mode)
    flash_write_angle_offset                 0x00005eb9   Thumb Code   198  dataflash.o(i.flash_write_angle_offset)
    flash_write_data_mode                    0x00005f85   Thumb Code   188  dataflash.o(i.flash_write_data_mode)
    flush_uart0_forward_buffer               0x00006045   Thumb Code    50  protocol.o(i.flush_uart0_forward_buffer)
    flush_uart0_local_buffer                 0x00006085   Thumb Code   214  protocol.o(i.flush_uart0_local_buffer)
    flush_uart1_forward_buffer               0x00006181   Thumb Code   214  protocol.o(i.flush_uart1_forward_buffer)
    is_pin_analog                            0x0000627d   Thumb Code    30  mygpio.o(i.is_pin_analog)
    main                                     0x0000629d   Thumb Code   406  main.o(i.main)
    map                                      0x00006479   Thumb Code    30  mygpio.o(i.map)
    millis                                   0x00006499   Thumb Code    14  systime.o(i.millis)
    motor_process                            0x000069f9   Thumb Code   118  servo_control.o(i.motor_process)
    mp9960_init                              0x00007051   Thumb Code    30  mp9960.o(i.mp9960_init)
    mp9960_read_raw_angle                    0x00007079   Thumb Code    70  mp9960.o(i.mp9960_read_raw_angle)
    parse_gcommand                           0x000070c5   Thumb Code   148  protocol.o(i.parse_gcommand)
    parse_uart0_recv_buffer                  0x00007259   Thumb Code   434  protocol.o(i.parse_uart0_recv_buffer)
    pinMode                                  0x00007441   Thumb Code   110  mygpio.o(i.pinMode)
    pow                                      0x000074b5   Thumb Code  2548  pow.o(i.pow)
    processSysexMessage                      0x00007eb1   Thumb Code   218  protocol.o(i.processSysexMessage)
    pwm_init                                 0x00007fc5   Thumb Code  1058  mepwm.o(i.pwm_init)
    pwm_write                                0x000083e9   Thumb Code    74  mepwm.o(i.pwm_write)
    pwm_writeMicroseconds                    0x00008439   Thumb Code   168  mepwm.o(i.pwm_writeMicroseconds)
    readLong                                 0x000084e9   Thumb Code   108  protocol.o(i.readLong)
    readShort                                0x00008559   Thumb Code    66  protocol.o(i.readShort)
    readbyte                                 0x000085a1   Thumb Code    36  protocol.o(i.readbyte)
    rgb_init                                 0x000085c9   Thumb Code    68  rgb.o(i.rgb_init)
    rgb_process                              0x0000860d   Thumb Code   194  rgb.o(i.rgb_process)
    sendFloat                                0x000086e5   Thumb Code   164  protocol.o(i.sendFloat)
    sendLong                                 0x0000878d   Thumb Code   164  protocol.o(i.sendLong)
    sendShort                                0x00008835   Thumb Code   108  protocol.o(i.sendShort)
    send_sensor_report                       0x000088a5   Thumb Code   618  protocol.o(i.send_sensor_report)
    send_string                              0x00008cfd   Thumb Code    36  uart_printf.o(i.send_string)
    send_uart0_string                        0x00008d21   Thumb Code    22  protocol.o(i.send_uart0_string)
    servodet_init                            0x00008d39   Thumb Code    42  servo_detect.o(i.servodet_init)
    servodet_process                         0x00008fd5   Thumb Code   116  servo_detect.o(i.servodet_process)
    servodet_set_angle_zero                  0x00009055   Thumb Code    48  servo_detect.o(i.servodet_set_angle_zero)
    servodriver_init                         0x00009565   Thumb Code    84  servo_driver.o(i.servodriver_init)
    servodriver_limitcurrent                 0x000095bd   Thumb Code    78  servo_driver.o(i.servodriver_limitcurrent)
    servodriver_run_abs_pos                  0x00009611   Thumb Code   142  servo_driver.o(i.servodriver_run_abs_pos)
    servodriver_run_debug                    0x000096b1   Thumb Code    88  servo_driver.o(i.servodriver_run_debug)
    servodriver_run_idle                     0x00009715   Thumb Code    22  servo_driver.o(i.servodriver_run_idle)
    servodriver_run_pwm                      0x00009735   Thumb Code    52  servo_driver.o(i.servodriver_run_pwm)
    servodriver_run_relative_pos             0x00009775   Thumb Code   148  servo_driver.o(i.servodriver_run_relative_pos)
    servodriver_set_pwm                      0x00009819   Thumb Code   144  servo_driver.o(i.servodriver_set_pwm)
    set_data_flash_fix_4k                    0x00009925   Thumb Code    80  dataflash.o(i.set_data_flash_fix_4k)
    set_rgb                                  0x00009975   Thumb Code    52  rgb.o(i.set_rgb)
    spi_flash_erase_sector                   0x00009edd   Thumb Code    60  dataflash.o(i.spi_flash_erase_sector)
    spi_flash_read                           0x00009f21   Thumb Code   186  dataflash.o(i.spi_flash_read)
    spi_flash_write                          0x00009fe5   Thumb Code   234  dataflash.o(i.spi_flash_write)
    sqrt                                     0x0000a0d9   Thumb Code    66  sqrt.o(i.sqrt)
    uart0_printf                             0x0000a209   Thumb Code    38  protocol.o(i.uart0_printf)
    uart_printf                              0x0000a22f   Thumb Code    44  uart_printf.o(i.uart_printf)
    us100                                    0x0000a25d   Thumb Code     6  systime.o(i.us100)
    write_angle_offset_to_flash              0x0000a269   Thumb Code    92  dataflash.o(i.write_angle_offset_to_flash)
    write_byte_uart0                         0x0000a331   Thumb Code    70  protocol.o(i.write_byte_uart0)
    write_byte_uart1                         0x0000a389   Thumb Code    24  protocol.o(i.write_byte_uart1)
    write_cmd_mode_to_flash                  0x0000a3a5   Thumb Code    86  dataflash.o(i.write_cmd_mode_to_flash)
    gau32ClkSrcTbl                           0x0000a450   Data          32  system_m051series.o(.constdata)
    cmd_list_tab                             0x0000a470   Data         108  protocol.o(.constdata)
    __mathlib_zero                           0x0000a5b8   Data           8  qnan.o(.constdata)
    __ctype_table                            0x0000a5c0   Data         129  ctype_o.o(.constdata)
    Region$$Table$$Base                      0x0000a648   Number         0  anon$$obj.o(Region$$Table)
    Region$$Table$$Limit                     0x0000a668   Number         0  anon$$obj.o(Region$$Table)
    SystemCoreClock                          0x20000000   Data           4  system_m051series.o(.data)
    CyclesPerUs                              0x20000004   Data           4  system_m051series.o(.data)
    PllClock                                 0x20000008   Data           4  system_m051series.o(.data)
    report_time                              0x2000000c   Data           4  main.o(.data)
    system_time                              0x20000010   Data           4  main.o(.data)
    type0                                    0x20000014   Data           1  main.o(.data)
    type1                                    0x20000015   Data           1  main.o(.data)
    limit_pwm                                0x20000016   Data           2  main.o(.data)
    fq_tab                                   0x20000018   Data          32  mepwm.o(.data)
    parsingSysex                             0x20000038   Data           1  protocol.o(.data)
    parsingVersionSysex                      0x20000039   Data           1  protocol.o(.data)
    parsingSysexComplete                     0x2000003a   Data           1  protocol.o(.data)
    parsingGcode                             0x2000003b   Data           1  protocol.o(.data)
    parsingGcodeComplete                     0x2000003c   Data           1  protocol.o(.data)
    isLocalOutput                            0x2000003d   Data           1  protocol.o(.data)
    isForwardOutput                          0x2000003e   Data           1  protocol.o(.data)
    shake_hand_flag                          0x2000003f   Data           1  protocol.o(.data)
    sysexBytesRead                           0x20000040   Data           2  protocol.o(.data)
    ForwardBytesRead                         0x20000042   Data           2  protocol.o(.data)
    Uart0SendBytes                           0x20000044   Data           2  protocol.o(.data)
    Uart1Revhead                             0x20000046   Data           2  protocol.o(.data)
    Uart1RevRtail                            0x20000048   Data           2  protocol.o(.data)
    Uart0Sendhead                            0x2000004a   Data           2  protocol.o(.data)
    Uart0SendRtail                           0x2000004c   Data           2  protocol.o(.data)
    InputBytesRead                           0x2000004e   Data           2  protocol.o(.data)
    Uart0Revhead                             0x20000050   Data           2  protocol.o(.data)
    Uart0RevRtail                            0x20000052   Data           2  protocol.o(.data)
    device_id                                0x20000054   Data           1  protocol.o(.data)
    device_id_2                              0x20000055   Data           1  protocol.o(.data)
    device_type                              0x20000056   Data           1  protocol.o(.data)
    command_mode                             0x20000057   Data           1  protocol.o(.data)
    mVersion                                 0x20000058   Data          10  protocol.o(.data)
    report_mode                              0x20000062   Data           2  protocol.o(.data)
    report_smart_pos_mode                    0x20000064   Data           2  protocol.o(.data)
    report_smart_angle_mode                  0x20000066   Data           2  protocol.o(.data)
    report_smart_temp_mode                   0x20000068   Data           2  protocol.o(.data)
    report_smart_speed_mode                  0x2000006a   Data           2  protocol.o(.data)
    report_smart_voltage_mode                0x2000006c   Data           2  protocol.o(.data)
    report_smart_current_mode                0x2000006e   Data           2  protocol.o(.data)
    report_record_info                       0x20000070   Data           1  protocol.o(.data)
    pre_smart_servo_pos_val                  0x20000072   Data           2  protocol.o(.data)
    pre_smart_servo_temp_val                 0x20000074   Data           2  protocol.o(.data)
    pre_smart_servo_voltage_val              0x20000076   Data           2  protocol.o(.data)
    pre_smart_servo_current_val              0x20000078   Data           2  protocol.o(.data)
    pre_smart_servo_speed_val                0x2000007c   Data           4  protocol.o(.data)
    pre_smart_servo_angle_val                0x20000080   Data           4  protocol.o(.data)
    flush_uart1_forward_time                 0x20000084   Data           4  protocol.o(.data)
    flush_uart0_local_time                   0x20000088   Data           4  protocol.o(.data)
    val8byte                                 0x20000090   Data           8  protocol.o(.data)
    val4byte                                 0x20000098   Data           4  protocol.o(.data)
    val2byte                                 0x2000009c   Data           2  protocol.o(.data)
    val1byte                                 0x2000009e   Data           1  protocol.o(.data)
    K_P                                      0x200000a0   Data           4  protocol.o(.data)
    varP                                     0x200000a4   Data           4  protocol.o(.data)
    varM                                     0x200000a8   Data           4  protocol.o(.data)
    K                                        0x200000ac   Data           4  protocol.o(.data)
    Kalmanq                                  0x200000b0   Data           4  protocol.o(.data)
    s_I2C0HandlerFn                          0x200000b4   Data           4  interrupt.o(.data)
    timer5ms_flag                            0x200000b8   Data           1  interrupt.o(.data)
    timer2ms_flag                            0x200000b9   Data           1  interrupt.o(.data)
    s_output_pwm                             0x200000c8   Data           4  servo_control.o(.data)
    g_eSysMotionStatus                       0x20000126   Data           1  servo_driver.o(.data)
    set_current                              0x20000128   Data           4  servo_driver.o(.data)
    g_ucRXLen                                0x20000136   Data           2  usart_fun.o(.data)
    g_ucTXLen                                0x20000138   Data           2  usart_fun.o(.data)
    pw_ctl_tab                               0x2000014c   Data          32  mepwm.o(.bss)
    Uart0SendData                            0x2000018c   Data         128  protocol.o(.bss)
    Uart0RecData                             0x2000020c   Data         128  protocol.o(.bss)
    Uart1RecData                             0x2000028c   Data         128  protocol.o(.bss)
    sysex                                    0x2000030c   Data         512  protocol.o(.bss)
    angle_offset_data_struct                 0x2000050c   Data          12  dataflash.o(.bss)
    cmd_mode_data_struct                     0x20000518   Data          12  dataflash.o(.bss)
    speed_ctrl                               0x20000524   Data          32  servo_control.o(.bss)
    pos_ctrl                                 0x20000544   Data          32  servo_control.o(.bss)
    torque_ctrl                              0x20000564   Data          32  servo_control.o(.bss)
    g_servo_info                             0x20000584   Data          68  servo_detect.o(.bss)
    g_ucCOMRxBuf                             0x20000608   Data          50  usart_fun.o(.bss)
    g_ucCOMTxBuf                             0x2000063a   Data          50  usart_fun.o(.bss)
    __initial_sp                             0x20000e70   Data           0  startup_m051series.o(STACK)



==============================================================================

Memory Map of the image

  Image Entry point : 0x000020d5

  Load Region LR_IROM1 (Base: 0x00002000, Size: 0x000087b4, Max: 0x0000d800, ABSOLUTE, COMPRESSED[0x000086a8])

    Execution Region ER_IROM1 (Base: 0x00002000, Size: 0x00008668, Max: 0x0000d800, ABSOLUTE)

    Base Addr    Size         Type   Attr      Idx    E Section Name        Object

    0x00002000   0x000000c0   Data   RO          108    RESET               startup_m051series.o
    0x000020c0   0x00000000   Code   RO         2424  * .ARM.Collect$$$$00000000  mc_p.l(entry.o)
    0x000020c0   0x00000004   Code   RO         2543    .ARM.Collect$$$$00000001  mc_p.l(entry2.o)
    0x000020c4   0x00000004   Code   RO         2546    .ARM.Collect$$$$00000004  mc_p.l(entry5.o)
    0x000020c8   0x00000000   Code   RO         2548    .ARM.Collect$$$$00000008  mc_p.l(entry7b.o)
    0x000020c8   0x00000000   Code   RO         2550    .ARM.Collect$$$$0000000A  mc_p.l(entry8b.o)
    0x000020c8   0x00000008   Code   RO         2551    .ARM.Collect$$$$0000000B  mc_p.l(entry9a.o)
    0x000020d0   0x00000000   Code   RO         2553    .ARM.Collect$$$$0000000D  mc_p.l(entry10a.o)
    0x000020d0   0x00000000   Code   RO         2555    .ARM.Collect$$$$0000000F  mc_p.l(entry11a.o)
    0x000020d0   0x00000004   Code   RO         2544    .ARM.Collect$$$$00002712  mc_p.l(entry2.o)
    0x000020d4   0x0000005c   Code   RO          109  * .text               startup_m051series.o
    0x00002130   0x0000002c   Code   RO         2427    .text               mc_p.l(uidiv.o)
    0x0000215c   0x00000028   Code   RO         2429    .text               mc_p.l(idiv.o)
    0x00002184   0x00000024   Code   RO         2431    .text               mc_p.l(rand.o)
    0x000021a8   0x00000024   Code   RO         2434    .text               mc_p.l(memcpya.o)
    0x000021cc   0x00000024   Code   RO         2436    .text               mc_p.l(memseta.o)
    0x000021f0   0x0000004c   Code   RO         2438    .text               mc_p.l(strtok_r.o)
    0x0000223c   0x00000022   Code   RO         2441    .text               mc_p.l(strcspn.o)
    0x0000225e   0x0000001a   Code   RO         2474    .text               mc_p.l(atoi.o)
    0x00002278   0x0000001a   Code   RO         2476    .text               mc_p.l(atol.o)
    0x00002292   0x000000b2   Code   RO         2478    .text               mf_p.l(fadd.o)
    0x00002344   0x0000007a   Code   RO         2480    .text               mf_p.l(fmul.o)
    0x000023be   0x0000007c   Code   RO         2482    .text               mf_p.l(fdiv.o)
    0x0000243a   0x00000002   PAD
    0x0000243c   0x00000164   Code   RO         2484    .text               mf_p.l(dadd.o)
    0x000025a0   0x000000d0   Code   RO         2486    .text               mf_p.l(dmul.o)
    0x00002670   0x000000f0   Code   RO         2488    .text               mf_p.l(ddiv.o)
    0x00002760   0x00000016   Code   RO         2490    .text               mf_p.l(fflti.o)
    0x00002776   0x0000000e   Code   RO         2492    .text               mf_p.l(ffltui.o)
    0x00002784   0x00000028   Code   RO         2494    .text               mf_p.l(dflti.o)
    0x000027ac   0x0000001c   Code   RO         2496    .text               mf_p.l(dfltui.o)
    0x000027c8   0x00000032   Code   RO         2498    .text               mf_p.l(ffixi.o)
    0x000027fa   0x00000028   Code   RO         2500    .text               mf_p.l(ffixui.o)
    0x00002822   0x00000002   PAD
    0x00002824   0x00000048   Code   RO         2502    .text               mf_p.l(dfixi.o)
    0x0000286c   0x0000003c   Code   RO         2504    .text               mf_p.l(dfixui.o)
    0x000028a8   0x00000028   Code   RO         2506    .text               mf_p.l(f2d.o)
    0x000028d0   0x00000028   Code   RO         2508    .text               mf_p.l(cdrcmple.o)
    0x000028f8   0x00000038   Code   RO         2510    .text               mf_p.l(d2f.o)
    0x00002930   0x00000014   Code   RO         2512    .text               mf_p.l(cfcmple.o)
    0x00002944   0x00000014   Code   RO         2514    .text               mf_p.l(cfrcmple.o)
    0x00002958   0x00000060   Code   RO         2557    .text               mc_p.l(uldiv.o)
    0x000029b8   0x00000020   Code   RO         2559    .text               mc_p.l(llshl.o)
    0x000029d8   0x00000022   Code   RO         2561    .text               mc_p.l(llushr.o)
    0x000029fa   0x00000026   Code   RO         2563    .text               mc_p.l(llsshr.o)
    0x00002a20   0x000000a4   Code   RO         2572    .text               mc_p.l(strtod.o)
    0x00002ac4   0x00000070   Code   RO         2574    .text               mc_p.l(strtol.o)
    0x00002b34   0x00000000   Code   RO         2576    .text               mc_p.l(iusefp.o)
    0x00002b34   0x00000082   Code   RO         2577    .text               mf_p.l(fepilogue.o)
    0x00002bb6   0x000000be   Code   RO         2579    .text               mf_p.l(depilogue.o)
    0x00002c74   0x0000002c   Code   RO         2583    .text               mf_p.l(dscalb.o)
    0x00002ca0   0x00000040   Code   RO         2585    .text               mf_p.l(dfixul.o)
    0x00002ce0   0x00000024   Code   RO         2587    .text               mc_p.l(init.o)
    0x00002d04   0x00000008   Code   RO         2591    .text               mc_p.l(ctype_o.o)
    0x00002d0c   0x00000012   Code   RO         2613    .text               mc_p.l(isspace_o.o)
    0x00002d1e   0x00000002   PAD
    0x00002d20   0x0000034c   Code   RO         2619    .text               mc_p.l(scanf_fp.o)
    0x0000306c   0x00000044   Code   RO         2623    .text               mc_p.l(_sgetc.o)
    0x000030b0   0x000000a6   Code   RO         2625    .text               mc_p.l(_strtoul.o)
    0x00003156   0x000000a2   Code   RO         2627    .text               mf_p.l(dsqrt.o)
    0x000031f8   0x0000007a   Code   RO         2631    .text               mc_p.l(llmul.o)
    0x00003272   0x0000001e   Code   RO         2636    .text               mc_p.l(_chval.o)
    0x00003290   0x0000001c   Code   RO         2638    .text               mf_p.l(dfltul.o)
    0x000032ac   0x00000056   Code   RO         2648    .text               mc_p.l(__dczerorl2.o)
    0x00003302   0x00000002   PAD
    0x00003304   0x00000024   Code   RO         1872    i.CLK_EnableModuleClock  clk.o
    0x00003328   0x00000128   Code   RO         1873    i.CLK_EnablePLL     clk.o
    0x00003450   0x00000010   Code   RO         1874    i.CLK_EnableXtalRC  clk.o
    0x00003460   0x00000010   Code   RO         1876    i.CLK_GetHCLKFreq   clk.o
    0x00003470   0x00000080   Code   RO            3    i.CLK_GetPLLClockFreq  system_m051series.o
    0x000034f0   0x00000080   Code   RO         1562    i.CLK_GetPLLClockFreq  uart.o
    0x00003570   0x00000080   Code   RO         1878    i.CLK_GetPLLClockFreq  clk.o
    0x000035f0   0x00000080   Code   RO         2303    i.CLK_GetPLLClockFreq  spi.o
    0x00003670   0x00000054   Code   RO         1881    i.CLK_SetCoreClock  clk.o
    0x000036c4   0x0000002c   Code   RO         1882    i.CLK_SetHCLK       clk.o
    0x000036f0   0x00000064   Code   RO         1883    i.CLK_SetModuleClock  clk.o
    0x00003754   0x00000028   Code   RO         1885    i.CLK_WaitClockReady  clk.o
    0x0000377c   0x0000006c   Code   RO         1364    i.COMSendBuffer     usart_fun.o
    0x000037e8   0x00000014   Code   RO         2026    i.FMC_Close         fmc.o
    0x000037fc   0x00000014   Code   RO         2029    i.FMC_DisableLDUpdate  fmc.o
    0x00003810   0x00000014   Code   RO         2031    i.FMC_EnableConfigUpdate  fmc.o
    0x00003824   0x00000014   Code   RO         2032    i.FMC_EnableLDUpdate  fmc.o
    0x00003838   0x00000040   Code   RO          196    i.FMC_Erase         main.o
    0x00003878   0x00000040   Code   RO          957    i.FMC_Erase         dataflash.o
    0x000038b8   0x00000014   Code   RO         2034    i.FMC_Open          fmc.o
    0x000038cc   0x00000028   Code   RO         2035    i.FMC_Read          fmc.o
    0x000038f4   0x00000024   Code   RO         2036    i.FMC_ReadConfig    fmc.o
    0x00003918   0x00000064   Code   RO         2039    i.FMC_WriteConfig   fmc.o
    0x0000397c   0x0000003c   Code   RO          828    i.GPIOP2P3P4_IRQHandler  interrupt.o
    0x000039b8   0x0000002e   Code   RO         1996    i.GPIO_SetMode      gpio.o
    0x000039e6   0x0000000a   Code   RO         1682    i.I2C_ClearTimeoutFlag  i2c.o
    0x000039f0   0x00000006   Code   RO         1693    i.I2C_GetStatus     i2c.o
    0x000039f6   0x00000002   PAD
    0x000039f8   0x00000040   Code   RO          829    i.I2C_IRQHandler    interrupt.o
    0x00003a38   0x00000014   Code   RO          895    i.NVIC_EnableIRQ    sysinit.o
    0x00003a4c   0x00000020   Code   RO          329    i.Pin2Addr          mygpio.o
    0x00003a6c   0x00000016   Code   RO         2311    i.SPI_EnableAutoSS  spi.o
    0x00003a82   0x00000002   PAD
    0x00003a84   0x000001f4   Code   RO         2317    i.SPI_Open          spi.o
    0x00003c78   0x0000010c   Code   RO          896    i.SYS_Init          sysinit.o
    0x00003d84   0x00000012   Code   RO         1496    i.SYS_ResetChip     sys.o
    0x00003d96   0x00000030   Code   RO         1497    i.SYS_ResetModule   sys.o
    0x00003dc6   0x00000002   PAD
    0x00003dc8   0x00000020   Code   RO          197    i.SYS_UnlockReg     main.o
    0x00003de8   0x00000020   Code   RO          958    i.SYS_UnlockReg     dataflash.o
    0x00003e08   0x00000068   Code   RO          448    i.SendErrorUart0    protocol.o
    0x00003e70   0x00000064   Code   RO            4    i.SystemCoreClockUpdate  system_m051series.o
    0x00003ed4   0x00000002   Code   RO            5    i.SystemInit        system_m051series.o
    0x00003ed6   0x00000002   PAD
    0x00003ed8   0x00000084   Code   RO         1810    i.TIMER_GetModuleClock  timer.o
    0x00003f5c   0x00000076   Code   RO         1811    i.TIMER_Open        timer.o
    0x00003fd2   0x00000002   PAD
    0x00003fd4   0x00000070   Code   RO          830    i.TMR0_IRQHandler   interrupt.o
    0x00004044   0x00000040   Code   RO          897    i.TMR0_Init         sysinit.o
    0x00004084   0x00000008   Code   RO          831    i.UART0_IRQHandler  interrupt.o
    0x0000408c   0x0000001c   Code   RO          115    i.UART0_Init        uart_printf.o
    0x000040a8   0x00000008   Code   RO          832    i.UART1_IRQHandler  interrupt.o
    0x000040b0   0x0000001c   Code   RO          116    i.UART1_Init        uart_printf.o
    0x000040cc   0x00000030   Code   RO          898    i.UART_Function_Init  sysinit.o
    0x000040fc   0x000000b8   Code   RO         1571    i.UART_Open         uart.o
    0x000041b4   0x000000b8   Code   RO         1576    i.UART_SetLine_Config  uart.o
    0x0000426c   0x000000f4   Code   RO         1365    i.USART_RecFrame    usart_fun.o
    0x00004360   0x00000054   Code   RO         1366    i.USART_RecvPackage  usart_fun.o
    0x000043b4   0x000000a4   Code   RO         1367    i.USART_SendFrame   usart_fun.o
    0x00004458   0x00000064   Code   RO         1368    i.USART_SendPackage  usart_fun.o
    0x000044bc   0x00000090   Code   RO          833    i.Uart0_Handle      interrupt.o
    0x0000454c   0x00000088   Code   RO          834    i.Uart1_Handle      interrupt.o
    0x000045d4   0x00000024   Code   RO         2452    i.__0vsprintf       mc_p.l(printfa.o)
    0x000045f8   0x0000002e   Code   RO         2581    i.__ARM_clz         mf_p.l(depilogue.o)
    0x00004626   0x0000001c   Code   RO          398    i.__ARM_common_switch8  mygpio.o
    0x00004642   0x00000002   PAD
    0x00004644   0x0000002c   Code   RO         2530    i.__ARM_fpclassify  m_ps.l(fpclassify.o)
    0x00004670   0x00000008   Code   RO         2565    i.__aeabi_errno_addr  mc_p.l(errno.o)
    0x00004678   0x000000ac   Code   RO         2532    i.__kernel_poly     m_ps.l(poly.o)
    0x00004724   0x00000014   Code   RO         2516    i.__mathlib_dbl_divzero  m_ps.l(dunder.o)
    0x00004738   0x00000008   Code   RO         2518    i.__mathlib_dbl_infnan2  m_ps.l(dunder.o)
    0x00004740   0x00000010   Code   RO         2519    i.__mathlib_dbl_invalid  m_ps.l(dunder.o)
    0x00004750   0x00000014   Code   RO         2520    i.__mathlib_dbl_overflow  m_ps.l(dunder.o)
    0x00004764   0x00000014   Code   RO         2522    i.__mathlib_dbl_underflow  m_ps.l(dunder.o)
    0x00004778   0x0000000c   Code   RO         2566    i.__read_errno      mc_p.l(errno.o)
    0x00004784   0x0000000e   Code   RO         2642    i.__scatterload_copy  mc_p.l(handlers.o)
    0x00004792   0x00000002   Code   RO         2643    i.__scatterload_null  mc_p.l(handlers.o)
    0x00004794   0x0000000e   Code   RO         2644    i.__scatterload_zeroinit  mc_p.l(handlers.o)
    0x000047a2   0x00000002   PAD
    0x000047a4   0x0000000c   Code   RO         2567    i.__set_errno       mc_p.l(errno.o)
    0x000047b0   0x00000158   Code   RO         2453    i._fp_digits        mc_p.l(printfa.o)
    0x00004908   0x0000000e   Code   RO         2621    i._is_digit         mc_p.l(scanf_fp.o)
    0x00004916   0x00000002   PAD
    0x00004918   0x000006ec   Code   RO         2454    i._printf_core      mc_p.l(printfa.o)
    0x00005004   0x00000020   Code   RO         2455    i._printf_post_padding  mc_p.l(printfa.o)
    0x00005024   0x0000002c   Code   RO         2456    i._printf_pre_padding  mc_p.l(printfa.o)
    0x00005050   0x0000000a   Code   RO         2458    i._sputc            mc_p.l(printfa.o)
    0x0000505a   0x00000002   PAD
    0x0000505c   0x00000138   Code   RO          330    i.analogRead        mygpio.o
    0x00005194   0x00000084   Code   RO          449    i.assign_dev_id_2_response  protocol.o
    0x00005218   0x000000b0   Code   RO          450    i.assign_dev_id_response  protocol.o
    0x000052c8   0x0000002a   Code   RO         2411    i.atof              m_ps.l(atof.o)
    0x000052f2   0x00000002   PAD
    0x000052f4   0x00000044   Code   RO          453    i.check_sysex_message  protocol.o
    0x00005338   0x000000b0   Code   RO          454    i.cmd_absolute_angle  protocol.o
    0x000053e8   0x000000ac   Code   RO          455    i.cmd_absolute_angle_long  protocol.o
    0x00005494   0x00000088   Code   RO          456    i.cmd_absolute_pos  protocol.o
    0x0000551c   0x00000084   Code   RO          457    i.cmd_assign_dev_id  protocol.o
    0x000055a0   0x00000070   Code   RO          458    i.cmd_back_zero     protocol.o
    0x00005610   0x000000f0   Code   RO          459    i.cmd_get_servo_angle  protocol.o
    0x00005700   0x0000002c   Code   RO          460    i.cmd_get_servo_current  protocol.o
    0x0000572c   0x00000044   Code   RO          461    i.cmd_get_servo_pos  protocol.o
    0x00005770   0x0000002c   Code   RO          462    i.cmd_get_servo_speed  protocol.o
    0x0000579c   0x0000002c   Code   RO          463    i.cmd_get_servo_temperature  protocol.o
    0x000057c8   0x0000002c   Code   RO          464    i.cmd_get_servo_voltage  protocol.o
    0x000057f4   0x0000002c   Code   RO          465    i.cmd_get_smart_version  protocol.o
    0x00005820   0x000000b0   Code   RO          466    i.cmd_relative_angle  protocol.o
    0x000058d0   0x000000ac   Code   RO          467    i.cmd_relative_angle_long  protocol.o
    0x0000597c   0x00000088   Code   RO          468    i.cmd_relative_pos  protocol.o
    0x00005a04   0x00000058   Code   RO          469    i.cmd_reset_smart_servo  protocol.o
    0x00005a5c   0x0000005c   Code   RO          470    i.cmd_set_command_mode  protocol.o
    0x00005ab8   0x0000001c   Code   RO          471    i.cmd_set_current_angle_zero_degrees  protocol.o
    0x00005ad4   0x0000005c   Code   RO          472    i.cmd_set_pwm_motion  protocol.o
    0x00005b30   0x00000068   Code   RO          473    i.cmd_set_rgb_led   protocol.o
    0x00005b98   0x00000050   Code   RO          474    i.cmd_set_servo_break  protocol.o
    0x00005be8   0x00000018   Code   RO          475    i.cmd_shake_hand    protocol.o
    0x00005c00   0x00000040   Code   RO          476    i.cmd_test_response  protocol.o
    0x00005c40   0x00000018   Code   RO          284    i.delay             systime.o
    0x00005c58   0x00000010   Code   RO          332    i.digitalWrite      mygpio.o
    0x00005c68   0x00000048   Code   RO          198    i.entry_update      main.o
    0x00005cb0   0x0000010c   Code   RO          960    i.flash_read_angle_offset  dataflash.o
    0x00005dbc   0x000000fc   Code   RO          961    i.flash_read_data_mode  dataflash.o
    0x00005eb8   0x000000cc   Code   RO          962    i.flash_write_angle_offset  dataflash.o
    0x00005f84   0x000000c0   Code   RO          963    i.flash_write_data_mode  dataflash.o
    0x00006044   0x00000040   Code   RO          477    i.flush_uart0_forward_buffer  protocol.o
    0x00006084   0x000000fc   Code   RO          478    i.flush_uart0_local_buffer  protocol.o
    0x00006180   0x000000fc   Code   RO          479    i.flush_uart1_forward_buffer  protocol.o
    0x0000627c   0x0000001e   Code   RO          333    i.is_pin_analog     mygpio.o
    0x0000629a   0x00000002   PAD
    0x0000629c   0x000001dc   Code   RO          199    i.main              main.o
    0x00006478   0x0000001e   Code   RO          336    i.map               mygpio.o
    0x00006496   0x00000002   PAD
    0x00006498   0x00000014   Code   RO          286    i.millis            systime.o
    0x000064ac   0x000000c0   Code   RO         1134    i.motor_debug_mode  servo_control.o
    0x0000656c   0x000000c8   Code   RO         1135    i.motor_error_mode  servo_control.o
    0x00006634   0x0000003c   Code   RO         1136    i.motor_idle_mode   servo_control.o
    0x00006670   0x00000388   Code   RO         1137    i.motor_pos_mode    servo_control.o
    0x000069f8   0x00000088   Code   RO         1138    i.motor_process     servo_control.o
    0x00006a80   0x000000c0   Code   RO         1139    i.motor_pwm_mode    servo_control.o
    0x00006b40   0x00000148   Code   RO         1140    i.motor_speed_mode  servo_control.o
    0x00006c88   0x000003c8   Code   RO         1141    i.motor_torque_mode  servo_control.o
    0x00007050   0x00000028   Code   RO         1062    i.mp9960_init       mp9960.o
    0x00007078   0x0000004c   Code   RO         1063    i.mp9960_read_raw_angle  mp9960.o
    0x000070c4   0x000000a4   Code   RO          480    i.parse_gcommand    protocol.o
    0x00007168   0x000000f0   Code   RO          481    i.parse_mcode       protocol.o
    0x00007258   0x000001e8   Code   RO          482    i.parse_uart0_recv_buffer  protocol.o
    0x00007440   0x00000074   Code   RO          337    i.pinMode           mygpio.o
    0x000074b4   0x000009fc   Code   RO         2415    i.pow               m_ps.l(pow.o)
    0x00007eb0   0x000000ec   Code   RO          483    i.processSysexMessage  protocol.o
    0x00007f9c   0x00000028   Code   RO          484    i.process_general_cmd_response  protocol.o
    0x00007fc4   0x00000422   Code   RO          406    i.pwm_init          mepwm.o
    0x000083e6   0x00000002   PAD
    0x000083e8   0x00000050   Code   RO          407    i.pwm_write         mepwm.o
    0x00008438   0x000000b0   Code   RO          408    i.pwm_writeMicroseconds  mepwm.o
    0x000084e8   0x00000070   Code   RO          486    i.readLong          protocol.o
    0x00008558   0x00000048   Code   RO          487    i.readShort         protocol.o
    0x000085a0   0x00000028   Code   RO          488    i.readbyte          protocol.o
    0x000085c8   0x00000044   Code   RO         1092    i.rgb_init          rgb.o
    0x0000860c   0x000000d8   Code   RO         1093    i.rgb_process       rgb.o
    0x000086e4   0x000000a8   Code   RO          489    i.sendFloat         protocol.o
    0x0000878c   0x000000a8   Code   RO          490    i.sendLong          protocol.o
    0x00008834   0x00000070   Code   RO          491    i.sendShort         protocol.o
    0x000088a4   0x000002a8   Code   RO          492    i.send_sensor_report  protocol.o
    0x00008b4c   0x00000048   Code   RO          493    i.send_smart_angle  protocol.o
    0x00008b94   0x00000048   Code   RO          494    i.send_smart_current  protocol.o
    0x00008bdc   0x00000048   Code   RO          495    i.send_smart_pos    protocol.o
    0x00008c24   0x00000048   Code   RO          496    i.send_smart_speed  protocol.o
    0x00008c6c   0x00000048   Code   RO          497    i.send_smart_temp   protocol.o
    0x00008cb4   0x00000048   Code   RO          498    i.send_smart_voltage  protocol.o
    0x00008cfc   0x00000024   Code   RO          117    i.send_string       uart_printf.o
    0x00008d20   0x00000016   Code   RO          499    i.send_uart0_string  protocol.o
    0x00008d36   0x00000002   PAD
    0x00008d38   0x00000030   Code   RO         1196    i.servodet_init     servo_detect.o
    0x00008d68   0x000000d8   Code   RO         1197    i.servodet_limitcurrent_handle  servo_detect.o
    0x00008e40   0x000000ec   Code   RO         1199    i.servodet_overcurrent_handle  servo_detect.o
    0x00008f2c   0x000000a8   Code   RO         1200    i.servodet_pos_handle  servo_detect.o
    0x00008fd4   0x00000080   Code   RO         1201    i.servodet_process  servo_detect.o
    0x00009054   0x00000034   Code   RO         1202    i.servodet_set_angle_zero  servo_detect.o
    0x00009088   0x000000b8   Code   RO         1203    i.servodet_speed_handle  servo_detect.o
    0x00009140   0x00000120   Code   RO         1204    i.servodet_stall_handle  servo_detect.o
    0x00009260   0x00000264   Code   RO         1205    i.servodet_temperature_handle  servo_detect.o
    0x000094c4   0x000000a0   Code   RO         1206    i.servodet_voltage_handle  servo_detect.o
    0x00009564   0x00000058   Code   RO         1278    i.servodriver_init  servo_driver.o
    0x000095bc   0x00000054   Code   RO         1279    i.servodriver_limitcurrent  servo_driver.o
    0x00009610   0x000000a0   Code   RO         1280    i.servodriver_run_abs_pos  servo_driver.o
    0x000096b0   0x00000064   Code   RO         1281    i.servodriver_run_debug  servo_driver.o
    0x00009714   0x00000020   Code   RO         1283    i.servodriver_run_idle  servo_driver.o
    0x00009734   0x00000040   Code   RO         1284    i.servodriver_run_pwm  servo_driver.o
    0x00009774   0x000000a4   Code   RO         1285    i.servodriver_run_relative_pos  servo_driver.o
    0x00009818   0x00000098   Code   RO         1288    i.servodriver_set_pwm  servo_driver.o
    0x000098b0   0x00000074   Code   RO          502    i.set_baud_rate     protocol.o
    0x00009924   0x00000050   Code   RO          965    i.set_data_flash_fix_4k  dataflash.o
    0x00009974   0x00000034   Code   RO         1094    i.set_rgb           rgb.o
    0x000099a8   0x00000018   Code   RO          503    i.shake_hand_response  protocol.o
    0x000099c0   0x0000051c   Code   RO          504    i.smart_servo_cmd_process  protocol.o
    0x00009edc   0x00000044   Code   RO          966    i.spi_flash_erase_sector  dataflash.o
    0x00009f20   0x000000c4   Code   RO          967    i.spi_flash_read    dataflash.o
    0x00009fe4   0x000000f4   Code   RO          968    i.spi_flash_write   dataflash.o
    0x0000a0d8   0x00000048   Code   RO         2536    i.sqrt              m_ps.l(sqrt.o)
    0x0000a120   0x0000006c   Code   RO          505    i.system_reset_response  protocol.o
    0x0000a18c   0x0000007c   Code   RO          506    i.system_version_response  protocol.o
    0x0000a208   0x00000026   Code   RO          507    i.uart0_printf      protocol.o
    0x0000a22e   0x0000002c   Code   RO          118    i.uart_printf       uart_printf.o
    0x0000a25a   0x00000002   PAD
    0x0000a25c   0x0000000c   Code   RO          287    i.us100             systime.o
    0x0000a268   0x000000c8   Code   RO          969    i.write_angle_offset_to_flash  dataflash.o
    0x0000a330   0x00000058   Code   RO          509    i.write_byte_uart0  protocol.o
    0x0000a388   0x0000001c   Code   RO          510    i.write_byte_uart1  protocol.o
    0x0000a3a4   0x000000ac   Code   RO          970    i.write_cmd_mode_to_flash  dataflash.o
    0x0000a450   0x00000020   Data   RO            6    .constdata          system_m051series.o
    0x0000a470   0x0000006c   Data   RO          512    .constdata          protocol.o
    0x0000a4dc   0x00000030   Data   RO         1579    .constdata          uart.o
    0x0000a50c   0x00000020   Data   RO         1812    .constdata          timer.o
    0x0000a52c   0x00000004   PAD
    0x0000a530   0x00000088   Data   RO         2416    .constdata          m_ps.l(pow.o)
    0x0000a5b8   0x00000008   Data   RO         2534    .constdata          m_ps.l(qnan.o)
    0x0000a5c0   0x00000081   Data   RO         2592    .constdata          mc_p.l(ctype_o.o)
    0x0000a641   0x00000003   PAD
    0x0000a644   0x00000004   Data   RO         2593    .constdata          mc_p.l(ctype_o.o)
    0x0000a648   0x00000020   Data   RO         2640    Region$$Table       anon$$obj.o


    Execution Region RW_IRAM1 (Base: 0x20000000, Size: 0x00000e70, Max: 0x00001000, ABSOLUTE, COMPRESSED[0x00000040])

    Base Addr    Size         Type   Attr      Idx    E Section Name        Object

    0x20000000   0x0000000c   Data   RW            7    .data               system_m051series.o
    0x2000000c   0x0000000c   Data   RW          201    .data               main.o
    0x20000018   0x00000020   Data   RW          410    .data               mepwm.o
    0x20000038   0x0000007c   Data   RW          513    .data               protocol.o
    0x200000b4   0x00000010   Data   RW          835    .data               interrupt.o
    0x200000c4   0x00000003   Data   RW         1095    .data               rgb.o
    0x200000c7   0x00000001   PAD
    0x200000c8   0x00000021   Data   RW         1143    .data               servo_control.o
    0x200000e9   0x00000003   PAD
    0x200000ec   0x00000036   Data   RW         1208    .data               servo_detect.o
    0x20000122   0x00000002   PAD
    0x20000124   0x0000000c   Data   RW         1289    .data               servo_driver.o
    0x20000130   0x00000010   Data   RW         1370    .data               usart_fun.o
    0x20000140   0x00000004   Data   RW         2432    .data               mc_p.l(rand.o)
    0x20000144   0x00000004   Data   RW         2439    .data               mc_p.l(strtok_r.o)
    0x20000148   0x00000004   Data   RW         2568    .data               mc_p.l(errno.o)
    0x2000014c   0x00000040   Zero   RW          409    .bss                mepwm.o
    0x2000018c   0x00000380   Zero   RW          511    .bss                protocol.o
    0x2000050c   0x00000018   Zero   RW          971    .bss                dataflash.o
    0x20000524   0x00000060   Zero   RW         1142    .bss                servo_control.o
    0x20000584   0x00000084   Zero   RW         1207    .bss                servo_detect.o
    0x20000608   0x00000064   Zero   RW         1369    .bss                usart_fun.o
    0x2000066c   0x00000004   PAD
    0x20000670   0x00000800   Zero   RW          106    STACK               startup_m051series.o


==============================================================================

Image component sizes


      Code (inc. data)   RO Data    RW Data    ZI Data      Debug   Object Name

       760        100          0          0          0       5488   clk.o
      1972        254          0          0         24      10520   dataflash.o
       276         38          0          0          0       6130   fmc.o
        46          0          0          0          0        911   gpio.o
        16          0          0          0          0       1247   i2c.o
       532         84          0         16          0       6887   interrupt.o
       644         92          0         12          0      15493   main.o
      1314         64          0         32         64       2655   mepwm.o
       116         16          0          0          0        878   mp9960.o
       564         36          0          0          0       3679   mygpio.o
      8168       1034        108        124        896      37803   protocol.o
       336         22          0          3          0       1539   rgb.o
      2980        206          0         33         96       6635   servo_control.o
      2092        308          0         54        132       7132   servo_detect.o
       844         86          0         12          0       5679   servo_driver.o
       650         30          0          0          0       2786   spi.o
        92         42        192          0       2048        588   startup_m051series.o
        66          0          0          0          0        870   sys.o
       400         54          0          0          0      10064   sysinit.o
       230         40         32         12          0      63751   system_m051series.o
        56         12          0          0          0       1269   systime.o
       250         22         32          0          0       1784   timer.o
       496         48         48          0          0       2834   uart.o
       136         16          0          0          0      54510   uart_printf.o
       700         48          0         16        100       4884   usart_fun.o

    ----------------------------------------------------------------------
     23758       2652        448        320       3364     256016   Object Totals
         0          0         32          0          0          0   (incl. Generated)
        22          0          4          6          4          0   (incl. Padding)

    ----------------------------------------------------------------------

      Code (inc. data)   RO Data    RW Data    ZI Data      Debug   Library Member Name

        42          0          0          0          0         76   atof.o
        84         14          0          0          0        340   dunder.o
        44          4          0          0          0         60   fpclassify.o
       172          0          0          0          0         76   poly.o
      2556        196        136          0          0        240   pow.o
         0          0          8          0          0          0   qnan.o
        72          6          0          0          0         76   sqrt.o
        86          0          0          0          0          0   __dczerorl2.o
        30          0          0          0          0         60   _chval.o
        68          0          0          0          0         76   _sgetc.o
       166          0          0          0          0         84   _strtoul.o
        26          0          0          0          0         72   atoi.o
        26          0          0          0          0         72   atol.o
         8          4        133          0          0         60   ctype_o.o
         0          0          0          0          0          0   entry.o
         0          0          0          0          0          0   entry10a.o
         0          0          0          0          0          0   entry11a.o
         8          4          0          0          0          0   entry2.o
         4          0          0          0          0          0   entry5.o
         0          0          0          0          0          0   entry7b.o
         0          0          0          0          0          0   entry8b.o
         8          4          0          0          0          0   entry9a.o
        32         16          0          4          0        180   errno.o
        30          0          0          0          0          0   handlers.o
        40          0          0          0          0         72   idiv.o
        36          8          0          0          0         68   init.o
        18          0          0          0          0         68   isspace_o.o
         0          0          0          0          0          0   iusefp.o
       122          0          0          0          0         84   llmul.o
        32          0          0          0          0         68   llshl.o
        38          0          0          0          0         68   llsshr.o
        34          0          0          0          0         68   llushr.o
        36          0          0          0          0         60   memcpya.o
        36          0          0          0          0        100   memseta.o
      2238         96          0          0          0        460   printfa.o
        36         12          0          4          0        120   rand.o
       858         12          0          0          0        184   scanf_fp.o
        34          0          0          0          0         72   strcspn.o
       164         18          0          0          0        120   strtod.o
        76          6          0          4          0         88   strtok_r.o
       112          4          0          0          0         76   strtol.o
        44          0          0          0          0         72   uidiv.o
        96          0          0          0          0         84   uldiv.o
        40          2          0          0          0         68   cdrcmple.o
        20          0          0          0          0         68   cfcmple.o
        20          0          0          0          0         68   cfrcmple.o
        56          0          0          0          0         68   d2f.o
       356          4          0          0          0        140   dadd.o
       240          6          0          0          0         84   ddiv.o
       236          0          0          0          0        216   depilogue.o
        72         10          0          0          0         72   dfixi.o
        60         10          0          0          0         68   dfixui.o
        64         10          0          0          0         68   dfixul.o
        40          6          0          0          0         68   dflti.o
        28          4          0          0          0         68   dfltui.o
        28          6          0          0          0         68   dfltul.o
       208          6          0          0          0         88   dmul.o
        44          0          0          0          0         72   dscalb.o
       162          0          0          0          0         80   dsqrt.o
        40          0          0          0          0         60   f2d.o
       178          0          0          0          0        108   fadd.o
       124          0          0          0          0         72   fdiv.o
       130          0          0          0          0        144   fepilogue.o
        50          0          0          0          0         60   ffixi.o
        40          0          0          0          0         60   ffixui.o
        22          0          0          0          0         68   fflti.o
        14          0          0          0          0         68   ffltui.o
       122          0          0          0          0         72   fmul.o

    ----------------------------------------------------------------------
      9922        468        280         12          0       5480   Library Totals
        16          0          3          0          0          0   (incl. Padding)

    ----------------------------------------------------------------------

      Code (inc. data)   RO Data    RW Data    ZI Data      Debug   Library Name

      2970        220        144          0          0        868   m_ps.l
      4542        184        133         12          0       2536   mc_p.l
      2394         64          0          0          0       2076   mf_p.l

    ----------------------------------------------------------------------
      9922        468        280         12          0       5480   Library Totals

    ----------------------------------------------------------------------

==============================================================================


      Code (inc. data)   RO Data    RW Data    ZI Data      Debug   

     33680       3120        728        332       3364     251488   Grand Totals
     33680       3120        728         64       3364     251488   ELF Image Totals (compressed)
     33680       3120        728         64          0          0   ROM Totals

==============================================================================

    Total RO  Size (Code + RO Data)                34408 (  33.60kB)
    Total RW  Size (RW Data + ZI Data)              3696 (   3.61kB)
    Total ROM Size (Code + RO Data + RW Data)      34472 (  33.66kB)

==============================================================================

